Archive member included to satisfy reference by file (symbol)

build/cooja/contiki-ng-cooja.a(simEnvChange.o)
                              build/cooja/mtype102.o (simDontFallAsleep)
build/cooja/contiki-ng-cooja.a(cooja_mt.o)
                              build/cooja/mtype102.o (cooja_mt_start)
build/cooja/contiki-ng-cooja.a(cooja_mtarch.o)
                              build/cooja/contiki-ng-cooja.a(cooja_mt.o) (cooja_mtarch_start)
build/cooja/contiki-ng-cooja.a(rtimer-arch.o)
                              build/cooja/mtype102.o (rtimer_arch_check)
build/cooja/contiki-ng-cooja.a(beep.o)
                              build/cooja/mtype102.o (beep_interface)
build/cooja/contiki-ng-cooja.a(leds-arch.o)
                              build/cooja/mtype102.o (leds_interface)
build/cooja/contiki-ng-cooja.a(moteid.o)
                              build/cooja/mtype102.o (moteid_interface)
build/cooja/contiki-ng-cooja.a(pir-sensor.o)
                              build/cooja/mtype102.o (pir_interface)
build/cooja/contiki-ng-cooja.a(rs232.o)
                              build/cooja/mtype102.o (rs232_interface)
build/cooja/contiki-ng-cooja.a(vib-sensor.o)
                              build/cooja/mtype102.o (vib_interface)
build/cooja/contiki-ng-cooja.a(clock.o)
                              build/cooja/mtype102.o (clock_interface)
build/cooja/contiki-ng-cooja.a(cooja-log.o)
                              build/cooja/mtype102.o (simlog_interface)
build/cooja/contiki-ng-cooja.a(cfs-cooja.o)
                              build/cooja/mtype102.o (cfs_interface)
build/cooja/contiki-ng-cooja.a(cooja-radio.o)
                              build/cooja/mtype102.o (radio_interface)
build/cooja/contiki-ng-cooja.a(eeprom.o)
                              build/cooja/mtype102.o (eeprom_interface)
build/cooja/contiki-ng-cooja.a(random.o)
                              build/cooja/contiki-ng-cooja.a(moteid.o) (random_init)
build/cooja/contiki-ng-cooja.a(sensors.o)
                              build/cooja/contiki-ng-cooja.a(pir-sensor.o) (sensors_changed)
build/cooja/contiki-ng-cooja.a(leds.o)
                              mqtt-client.o (leds_off)
build/cooja/contiki-ng-cooja.a(gpio-hal-arch.o)
                              build/cooja/contiki-ng-cooja.a(leds-arch.o) (gpio_hal_arch_register_pin_callback)
build/cooja/contiki-ng-cooja.a(buttons.o)
                              build/cooja/mtype102.o (button_interface)
build/cooja/contiki-ng-cooja.a(mqtt.o)
                              mqtt-client.o (mqtt_register)
build/cooja/contiki-ng-cooja.a(contiki-main.o)
                              build/cooja/mtype102.o (main)
build/cooja/contiki-ng-cooja.a(autostart.o)
                              build/cooja/contiki-ng-cooja.a(contiki-main.o) (autostart_start)
build/cooja/contiki-ng-cooja.a(ctimer.o)
                              build/cooja/contiki-ng-cooja.a(contiki-main.o) (ctimer_init)
build/cooja/contiki-ng-cooja.a(log.o)
                              build/cooja/contiki-ng-cooja.a(contiki-main.o) (curr_log_level_main)
build/cooja/contiki-ng-cooja.a(energest.o)
                              build/cooja/contiki-ng-cooja.a(contiki-main.o) (energest_init)
build/cooja/contiki-ng-cooja.a(etimer.o)
                              build/cooja/contiki-ng-cooja.a(contiki-main.o) (etimer_process)
build/cooja/contiki-ng-cooja.a(node-id.o)
                              build/cooja/contiki-ng-cooja.a(contiki-main.o) (node_id)
build/cooja/contiki-ng-cooja.a(rtimer.o)
                              build/cooja/contiki-ng-cooja.a(contiki-main.o) (rtimer_init)
build/cooja/contiki-ng-cooja.a(process.o)
                              build/cooja/contiki-ng-cooja.a(mqtt.o) (process_current)
build/cooja/contiki-ng-cooja.a(timer.o)
                              build/cooja/contiki-ng-cooja.a(mqtt.o) (timer_set)
build/cooja/contiki-ng-cooja.a(list.o)
                              build/cooja/contiki-ng-cooja.a(mqtt.o) (list_init)
build/cooja/contiki-ng-cooja.a(button-hal.o)
                              mqtt-client.o (button_hal_press_event)
build/cooja/contiki-ng-cooja.a(serial-line.o)
                              build/cooja/contiki-ng-cooja.a(rs232.o) (serial_line_input_byte)
build/cooja/contiki-ng-cooja.a(gpio-hal.o)
                              build/cooja/contiki-ng-cooja.a(button-hal.o) (gpio_hal_register_handler)
build/cooja/contiki-ng-cooja.a(queuebuf.o)
                              build/cooja/contiki-ng-cooja.a(contiki-main.o) (queuebuf_init)
build/cooja/contiki-ng-cooja.a(packetbuf.o)
                              build/cooja/contiki-ng-cooja.a(cooja-radio.o) (packetbuf_clear)
build/cooja/contiki-ng-cooja.a(netstack.o)
                              build/cooja/contiki-ng-cooja.a(contiki-main.o) (netstack_init)
build/cooja/contiki-ng-cooja.a(linkaddr.o)
                              mqtt-client.o (linkaddr_node_addr)
build/cooja/contiki-ng-cooja.a(printf.o)
                              mqtt-client.o (log_printf)
[...]
Memory Configuration

Name             Origin             Length             Attributes
*default*        0x0000000000000000 0xffffffffffffffff

Linker script and memory map

LOAD /usr/lib/gcc/x86_64-linux-gnu/7/../../../x86_64-linux-gnu/crti.o
LOAD /usr/lib/gcc/x86_64-linux-gnu/7/crtbeginS.o
LOAD mqtt-client.o
LOAD build/cooja/mtype102.o
LOAD build/cooja/contiki-ng-cooja.a
LOAD /usr/lib/gcc/x86_64-linux-gnu/7/libgcc.a
LOAD /usr/lib/gcc/x86_64-linux-gnu/7/libgcc_s.so
START GROUP
LOAD /usr/lib/gcc/x86_64-linux-gnu/7/libgcc_s.so.1
LOAD /usr/lib/gcc/x86_64-linux-gnu/7/libgcc.a
END GROUP
LOAD /usr/lib/gcc/x86_64-linux-gnu/7/../../../x86_64-linux-gnu/libc.so
START GROUP
LOAD /lib/x86_64-linux-gnu/libc.so.6
LOAD /usr/lib/x86_64-linux-gnu/libc_nonshared.a
LOAD /lib/x86_64-linux-gnu/ld-linux-x86-64.so.2
END GROUP
LOAD /usr/lib/gcc/x86_64-linux-gnu/7/libgcc.a
LOAD /usr/lib/gcc/x86_64-linux-gnu/7/libgcc_s.so
START GROUP
LOAD /usr/lib/gcc/x86_64-linux-gnu/7/libgcc_s.so.1
LOAD /usr/lib/gcc/x86_64-linux-gnu/7/libgcc.a
END GROUP
LOAD /usr/lib/gcc/x86_64-linux-gnu/7/crtendS.o
LOAD /usr/lib/gcc/x86_64-linux-gnu/7/../../../x86_64-linux-gnu/crtn.o
                0x00000000000001c8                . = (SEGMENT_START ("text-segment", 0x0) + SIZEOF_HEADERS)

.note.gnu.build-id
                0x00000000000001c8       0x24
 *(.note.gnu.build-id)
 .note.gnu.build-id
                0x00000000000001c8       0x24 /usr/lib/gcc/x86_64-linux-gnu/7/../../../x86_64-linux-gnu/crti.o

.hash
 *(.hash)

.gnu.hash       0x00000000000001f0     0x14d8
 *(.gnu.hash)
 .gnu.hash      0x00000000000001f0     0x14d8 /usr/lib/gcc/x86_64-linux-gnu/7/../../../x86_64-linux-gnu/crti.o

.dynsym         0x00000000000016c8     0x4140
 *(.dynsym)
 .dynsym        0x00000000000016c8     0x4140 /usr/lib/gcc/x86_64-linux-gnu/7/../../../x86_64-linux-gnu/crti.o

.dynstr         0x0000000000005808     0x3101
 *(.dynstr)
 .dynstr        0x0000000000005808     0x3101 /usr/lib/gcc/x86_64-linux-gnu/7/../../../x86_64-linux-gnu/crti.o

.gnu.version    0x000000000000890a      0x570
 *(.gnu.version)
 .gnu.version   0x000000000000890a      0x570 /usr/lib/gcc/x86_64-linux-gnu/7/../../../x86_64-linux-gnu/crti.o

.gnu.version_d  0x0000000000008e80        0x0
 *(.gnu.version_d)
 .gnu.version_d
                0x0000000000008e80        0x0 /usr/lib/gcc/x86_64-linux-gnu/7/../../../x86_64-linux-gnu/crti.o

.gnu.version_r  0x0000000000008e80       0x40
 *(.gnu.version_r)
 .gnu.version_r
                0x0000000000008e80       0x40 /usr/lib/gcc/x86_64-linux-gnu/7/../../../x86_64-linux-gnu/crti.o

.rela.dyn       0x0000000000008ec0     0x1f20
 *(.rela.init)
 *(.rela.text .rela.text.* .rela.gnu.linkonce.t.*)
 .rela.text     0x0000000000008ec0        0x0 /usr/lib/gcc/x86_64-linux-gnu/7/../../../x86_64-linux-gnu/crti.o
 *(.rela.fini)
 *(.rela.rodata .rela.rodata.* .rela.gnu.linkonce.r.*)
 *(.rela.data .rela.data.* .rela.gnu.linkonce.d.*)
 .rela.data.rel.local
                0x0000000000008ec0      0x720 /usr/lib/gcc/x86_64-linux-gnu/7/../../../x86_64-linux-gnu/crti.o
 .rela.data.rel.ro
                0x00000000000095e0      0x288 /usr/lib/gcc/x86_64-linux-gnu/7/../../../x86_64-linux-gnu/crti.o
 .rela.data.rel
                0x0000000000009868      0x3a8 /usr/lib/gcc/x86_64-linux-gnu/7/../../../x86_64-linux-gnu/crti.o
 .rela.data.rel.ro.local
                0x0000000000009c10      0x5a0 /usr/lib/gcc/x86_64-linux-gnu/7/../../../x86_64-linux-gnu/crti.o
 *(.rela.tdata .rela.tdata.* .rela.gnu.linkonce.td.*)
 *(.rela.tbss .rela.tbss.* .rela.gnu.linkonce.tb.*)
 *(.rela.ctors)
 *(.rela.dtors)
 *(.rela.got)
 .rela.got      0x000000000000a1b0      0xc00 /usr/lib/gcc/x86_64-linux-gnu/7/../../../x86_64-linux-gnu/crti.o
 *(.rela.bss .rela.bss.* .rela.gnu.linkonce.b.*)
 *(.rela.ldata .rela.ldata.* .rela.gnu.linkonce.l.*)
 *(.rela.lbss .rela.lbss.* .rela.gnu.linkonce.lb.*)
 *(.rela.lrodata .rela.lrodata.* .rela.gnu.linkonce.lr.*)
 *(.rela.ifunc)
 .rela.ifunc    0x000000000000adb0        0x0 /usr/lib/gcc/x86_64-linux-gnu/7/../../../x86_64-linux-gnu/crti.o
 .rela.fini_array
                0x000000000000adb0       0x18 /usr/lib/gcc/x86_64-linux-gnu/7/../../../x86_64-linux-gnu/crti.o
 .rela.init_array
                0x000000000000adc8       0x18 /usr/lib/gcc/x86_64-linux-gnu/7/../../../x86_64-linux-gnu/crti.o

.rela.plt       0x000000000000ade0     0x22f8
 *(.rela.plt)
 .rela.plt      0x000000000000ade0     0x22f8 /usr/lib/gcc/x86_64-linux-gnu/7/../../../x86_64-linux-gnu/crti.o
 *(.rela.iplt)

.init           0x000000000000d0d8       0x17
 *(SORT_NONE(.init))
 .init          0x000000000000d0d8       0x12 /usr/lib/gcc/x86_64-linux-gnu/7/../../../x86_64-linux-gnu/crti.o
                0x000000000000d0d8                _init
 .init          0x000000000000d0ea        0x5 /usr/lib/gcc/x86_64-linux-gnu/7/../../../x86_64-linux-gnu/crtn.o

.plt            0x000000000000d0f0     0x1760
 *(.plt)
 .plt           0x000000000000d0f0     0x1760 /usr/lib/gcc/x86_64-linux-gnu/7/../../../x86_64-linux-gnu/crti.o
 *(.iplt)

.plt.got        0x000000000000e850       0x18
 *(.plt.got)
 .plt.got       0x000000000000e850       0x18 /usr/lib/gcc/x86_64-linux-gnu/7/../../../x86_64-linux-gnu/crti.o

.plt.sec
 *(.plt.sec)

.text           0x000000000000e870    0x208a8
 *(.text.unlikely .text.*_unlikely .text.unlikely.*)
 *(.text.exit .text.exit.*)
 *(.text.startup .text.startup.*)
 *(.text.hot .text.hot.*)
 *(.text .stub .text.* .gnu.linkonce.t.*)
 .text          0x000000000000e870        0x0 /usr/lib/gcc/x86_64-linux-gnu/7/../../../x86_64-linux-gnu/crti.o
 .text          0x000000000000e870       0xda /usr/lib/gcc/x86_64-linux-gnu/7/crtbeginS.o
 .text          0x000000000000e94a      0x6a4 mqtt-client.o
 .text          0x000000000000efee      0x32f build/cooja/mtype102.o
                0x000000000000f09c                platform_init_stage_one
                0x000000000000f0ad                platform_init_stage_two
                0x000000000000f0be                platform_init_stage_three
                0x000000000000f0cf                platform_main_loop
                0x000000000000f165                JNI_OnLoad
                0x000000000000f178                Java_org_contikios_cooja_corecomm_Lib18_init
                0x000000000000f1bb                Java_org_contikios_cooja_corecomm_Lib18_getMemory
                0x000000000000f212                Java_org_contikios_cooja_corecomm_Lib18_setMemory
                0x000000000000f269                Java_org_contikios_cooja_corecomm_Lib18_tick
                0x000000000000f2f2                Java_org_contikios_cooja_corecomm_Lib18_setReferenceAddress
 .text          0x000000000000f31d       0x89 build/cooja/contiki-ng-cooja.a(simEnvChange.o)
                0x000000000000f31d                doActionsBeforeTick
                0x000000000000f361                doActionsAfterTick
 .text          0x000000000000f3a6       0x9f build/cooja/contiki-ng-cooja.a(cooja_mt.o)
                0x000000000000f3a6                cooja_mt_start
                0x000000000000f3e2                cooja_mt_exec
                0x000000000000f421                cooja_mt_yield
 .text          0x000000000000f445       0xfe build/cooja/contiki-ng-cooja.a(cooja_mtarch.o)
                0x000000000000f445                cooja_mtarch_start
                0x000000000000f4e4                cooja_sw
                0x000000000000f50d                cooja_mtarch_exec
                0x000000000000f537                cooja_mtarch_yield
 .text          0x000000000000f543       0xb4 build/cooja/contiki-ng-cooja.a(rtimer-arch.o)
                0x000000000000f543                rtimer_arch_init
                0x000000000000f565                rtimer_arch_schedule
                0x000000000000f58b                rtimer_arch_next
                0x000000000000f59b                rtimer_arch_pending
                0x000000000000f5aa                rtimer_arch_check
                0x000000000000f5e7                rtimer_arch_now
 .text          0x000000000000f5f7       0xba build/cooja/contiki-ng-cooja.a(beep.o)
                0x000000000000f5f7                beep_alarm
                0x000000000000f60e                beep_beep
                0x000000000000f622                beep
                0x000000000000f633                beep_down
                0x000000000000f647                beep_on
                0x000000000000f658                beep_off
                0x000000000000f669                beep_spinup
                0x000000000000f67a                beep_quick
                0x000000000000f68e                beep_long
 .text          0x000000000000f6b1       0x69 build/cooja/contiki-ng-cooja.a(leds-arch.o)
                0x000000000000f6c8                leds_arch_init
 .text          0x000000000000f71a       0x39 build/cooja/contiki-ng-cooja.a(moteid.o)
 .text          0x000000000000f753       0xe5 build/cooja/contiki-ng-cooja.a(pir-sensor.o)
 .text          0x000000000000f838      0x169 build/cooja/contiki-ng-cooja.a(rs232.o)
                0x000000000000f838                rs232_init
                0x000000000000f83f                rs232_set_speed
                0x000000000000f84b                rs232_set_input
                0x000000000000f861                rs232_send
                0x000000000000f87c                rs232_print
                0x000000000000f8a3                slip_arch_writeb
 .text          0x000000000000f9a1       0xe5 build/cooja/contiki-ng-cooja.a(vib-sensor.o)
 .text          0x000000000000fa86       0x57 build/cooja/contiki-ng-cooja.a(clock.o)
                0x000000000000fa86                clock_init
                0x000000000000fa8d                clock_time
                0x000000000000fa9d                clock_seconds
                0x000000000000fac5                clock_delay
 .text          0x000000000000fadd      0x1f6 build/cooja/contiki-ng-cooja.a(cooja-log.o)
                0x000000000000fadd                simlog_char
                0x000000000000fb36                simlog
                0x000000000000fbb6                log_message
                0x000000000000fbef                log_set_putchar_with_slip
                0x000000000000fc02                dbg_putchar
                0x000000000000fc7f                dbg_send_bytes
 .text          0x000000000000fcd3      0x36e build/cooja/contiki-ng-cooja.a(cfs-cooja.o)
                0x000000000000fcd3                cfs_open
                0x000000000000fd4c                cfs_close
                0x000000000000fd5d                cfs_read
                0x000000000000fe21                cfs_write
                0x000000000000ff2b                cfs_seek
                0x000000000000ffd6                cfs_remove
                0x0000000000010002                cfs_opendir
                0x0000000000010015                cfs_readdir
                0x0000000000010028                cfs_closedir
 .text          0x0000000000010041      0x730 build/cooja/contiki-ng-cooja.a(cooja-radio.o)
                0x0000000000010090                radio_set_channel
                0x00000000000100a6                radio_set_txpower
                0x00000000000100bf                radio_signal_strength_last
                0x00000000000100ce                radio_signal_strength_current
                0x00000000000100dd                radio_LQI
 .text          0x0000000000010771      0x151 build/cooja/contiki-ng-cooja.a(eeprom.o)
                0x0000000000010771                eeprom_init
                0x000000000001077c                eeprom_read
                0x0000000000010818                eeprom_write
 .text          0x00000000000108c2       0x27 build/cooja/contiki-ng-cooja.a(random.o)
                0x00000000000108c2                random_init
                0x00000000000108de                random_rand
 .text          0x00000000000108e9      0x33f build/cooja/contiki-ng-cooja.a(sensors.o)
                0x000000000001092e                sensors_first
                0x000000000001093e                sensors_next
                0x0000000000010969                sensors_changed
                0x00000000000109b2                sensors_find
 .text          0x0000000000010c28      0x386 build/cooja/contiki-ng-cooja.a(leds.o)
                0x0000000000010c28                leds_init
                0x0000000000010c6f                leds_single_on
                0x0000000000010cd8                leds_single_off
                0x0000000000010d41                leds_single_toggle
                0x0000000000010d75                leds_on
                0x0000000000010e01                leds_off
                0x0000000000010e8d                leds_toggle
                0x0000000000010ee4                leds_set
                0x0000000000010f09                leds_get
 .text          0x0000000000010fae      0x3ce build/cooja/contiki-ng-cooja.a(gpio-hal-arch.o)
                0x0000000000010fae                gpio_hal_arch_register_pin_callback
                0x000000000001104e                gpio_hal_arch_init
                0x0000000000011097                gpio_hal_arch_no_port_interrupt_enable
                0x00000000000110e0                gpio_hal_arch_no_port_interrupt_disable
                0x0000000000011129                gpio_hal_arch_no_port_pin_cfg_set
                0x000000000001115b                gpio_hal_arch_no_port_pin_cfg_get
                0x000000000001118b                gpio_hal_arch_no_port_pin_set_input
                0x000000000001119a                gpio_hal_arch_no_port_pin_set_output
                0x00000000000111a9                gpio_hal_arch_no_port_set_pin
                0x00000000000111c9                gpio_hal_arch_no_port_clear_pin
                0x00000000000111e9                gpio_hal_arch_no_port_read_pin
                0x0000000000011213                gpio_hal_arch_no_port_write_pin
                0x0000000000011239                gpio_hal_arch_no_port_set_pins
                0x0000000000011283                gpio_hal_arch_no_port_clear_pins
                0x00000000000112cd                gpio_hal_arch_no_port_read_pins
                0x0000000000011318                gpio_hal_arch_no_port_write_pins
 .text          0x000000000001137c       0x94 build/cooja/contiki-ng-cooja.a(buttons.o)
 .text          0x0000000000011410     0x3efd build/cooja/contiki-ng-cooja.a(mqtt.o)
                0x000000000001189a                mqtt_decode_var_byte_int
                0x000000000001199a                mqtt_encode_var_byte_int
                0x0000000000014b97                mqtt_init
                0x0000000000014c6f                mqtt_register
                0x0000000000014d33                mqtt_connect
                0x0000000000014e6f                mqtt_disconnect
                0x0000000000014ebc                mqtt_subscribe
                0x0000000000014fc1                mqtt_unsubscribe
                0x00000000000150b6                mqtt_publish
                0x00000000000151ed                mqtt_set_username_password
                0x000000000001529a                mqtt_set_last_will
 .text          0x000000000001530d      0x390 build/cooja/contiki-ng-cooja.a(contiki-main.o)
                0x000000000001530d                main
 .text          0x000000000001569d       0xb3 build/cooja/contiki-ng-cooja.a(autostart.o)
                0x000000000001569d                autostart_start
                0x00000000000156f9                autostart_exit
 .text          0x0000000000015750      0x421 build/cooja/contiki-ng-cooja.a(ctimer.o)
                0x00000000000158ae                ctimer_init
                0x00000000000158df                ctimer_set
                0x000000000001591f                ctimer_set_with_process
                0x00000000000159d5                ctimer_reset
                0x0000000000015a42                ctimer_restart
                0x0000000000015aaf                ctimer_stop
                0x0000000000015b09                ctimer_expired
 .text          0x0000000000015b71      0x4fa build/cooja/contiki-ng-cooja.a(log.o)
                0x0000000000015b71                log_6addr
                0x0000000000015bd0                log_6addr_compact_snprint
                0x0000000000015ca7                log_6addr_compact
                0x0000000000015d06                log_lladdr
                0x0000000000015d7c                log_lladdr_compact
                0x0000000000015df3                log_bytes
                0x0000000000015e4b                log_set_level
                0x0000000000015f51                log_get_level
                0x0000000000016004                log_level_to_str
 .text          0x000000000001606b       0x19 build/cooja/contiki-ng-cooja.a(energest.o)
                0x000000000001606b                energest_init
                0x0000000000016072                energest_flush
                0x0000000000016079                energest_get_total_time
 .text          0x0000000000016084      0x540 build/cooja/contiki-ng-cooja.a(etimer.o)
                0x0000000000016324                etimer_request_poll
                0x00000000000163ce                etimer_set
                0x0000000000016400                etimer_reset_with_new_interval
                0x0000000000016437                etimer_reset
                0x000000000001645e                etimer_restart
                0x0000000000016485                etimer_adjust
                0x00000000000164b2                etimer_expired
                0x00000000000164cd                etimer_expiration_time
                0x00000000000164e9                etimer_start_time
                0x00000000000164fa                etimer_pending
                0x0000000000016510                etimer_next_expiration_time
                0x000000000001652d                etimer_stop
 .text          0x00000000000165c4       0x32 build/cooja/contiki-ng-cooja.a(node-id.o)
                0x00000000000165c4                node_id_init
 .text          0x00000000000165f6       0xf6 build/cooja/contiki-ng-cooja.a(rtimer.o)
                0x00000000000165f6                rtimer_init
                0x0000000000016602                rtimer_set
                0x000000000001667f                rtimer_run_next
 .text          0x00000000000166ec      0x641 build/cooja/contiki-ng-cooja.a(process.o)
                0x00000000000166ec                process_alloc_event
                0x0000000000016702                process_start
                0x0000000000016967                process_exit
                0x000000000001698f                process_init
                0x0000000000016b7f                process_run
                0x0000000000016bb0                process_nevents
                0x0000000000016bcc                process_post
                0x0000000000016c90                process_post_synch
                0x0000000000016cda                process_poll
                0x0000000000016d13                process_is_running
 .text          0x0000000000016d2d       0xf3 build/cooja/contiki-ng-cooja.a(timer.o)
                0x0000000000016d2d                timer_set
                0x0000000000016d5b                timer_reset
                0x0000000000016d93                timer_restart
                0x0000000000016db1                timer_expired
                0x0000000000016dee                timer_remaining
 .text          0x0000000000016e20      0x367 build/cooja/contiki-ng-cooja.a(list.o)
                0x0000000000016e20                list_init
                0x0000000000016e36                list_head
                0x0000000000016e47                list_copy
                0x0000000000016e64                list_tail
                0x0000000000016ea9                list_add
                0x0000000000016f09                list_push
                0x0000000000016f48                list_chop
                0x0000000000016fd1                list_pop
                0x0000000000017007                list_remove
                0x000000000001708f                list_length
                0x00000000000170c6                list_insert
                0x0000000000017125                list_item_next
                0x0000000000017144                list_contains
 .text          0x0000000000017187      0x54c build/cooja/contiki-ng-cooja.a(button-hal.o)
                0x000000000001733c                button_hal_get_by_id
                0x0000000000017386                button_hal_get_by_index
                0x00000000000173b9                button_hal_get_state
                0x0000000000017418                button_hal_init
 .text          0x00000000000176d3      0x217 build/cooja/contiki-ng-cooja.a(serial-line.o)
                0x00000000000176d3                serial_line_input_byte
                0x00000000000178b7                serial_line_init
 .text          0x00000000000178ea      0x164 build/cooja/contiki-ng-cooja.a(gpio-hal.o)
                0x00000000000178ea                gpio_hal_register_handler
                0x000000000001790f                gpio_hal_event_handler
                0x0000000000017975                gpio_hal_init
                0x0000000000017990                gpio_hal_arch_port_toggle_pin
                0x00000000000179c3                gpio_hal_arch_port_toggle_pins
                0x00000000000179f0                gpio_hal_arch_no_port_toggle_pin
                0x0000000000017a26                gpio_hal_arch_no_port_toggle_pins
 .text          0x0000000000017a4e      0x330 build/cooja/contiki-ng-cooja.a(queuebuf.o)
                0x0000000000017a5f                queuebuf_init
                0x0000000000017a7e                queuebuf_numfree
                0x0000000000017a90                queuebuf_new_from_packetbuf
                0x0000000000017b39                queuebuf_update_attr_from_packetbuf
                0x0000000000017b78                queuebuf_update_from_packetbuf
                0x0000000000017bd0                queuebuf_free
                0x0000000000017c1f                queuebuf_to_packetbuf
                0x0000000000017c91                queuebuf_dataptr
                0x0000000000017cd1                queuebuf_datalen
                0x0000000000017cfd                queuebuf_addr
                0x0000000000017d40                queuebuf_attr
                0x0000000000017d77                queuebuf_debug_print
 .text          0x0000000000017d7e      0x458 build/cooja/contiki-ng-cooja.a(packetbuf.o)
                0x0000000000017d7e                packetbuf_clear
                0x0000000000017da8                packetbuf_copyfrom
                0x0000000000017dfe                packetbuf_copyto
                0x0000000000017ea1                packetbuf_hdralloc
                0x0000000000017f2c                packetbuf_hdrreduce
                0x0000000000017f78                packetbuf_set_datalen
                0x0000000000017f90                packetbuf_dataptr
                0x0000000000017fb2                packetbuf_hdrptr
                0x0000000000017fbf                packetbuf_datalen
                0x0000000000017fcc                packetbuf_hdrlen
                0x0000000000017fe4                packetbuf_totlen
                0x0000000000018003                packetbuf_remaininglen
                0x0000000000018017                packetbuf_attr_clear
                0x0000000000018077                packetbuf_attr_copyto
                0x00000000000180be                packetbuf_attr_copyfrom
                0x0000000000018105                packetbuf_set_attr
                0x0000000000018131                packetbuf_attr
                0x000000000001814e                packetbuf_set_addr
                0x0000000000018190                packetbuf_addr
                0x00000000000181b6                packetbuf_holds_broadcast
 .text          0x00000000000181d6      0x11b build/cooja/contiki-ng-cooja.a(netstack.o)
                0x00000000000181d6                netstack_process_ip_callback
                0x0000000000018273                netstack_ip_packet_processor_add
                0x000000000001829f                uip_ds6_ip_packet_processor_rm
                0x00000000000182c4                netstack_init
 .text          0x00000000000182f1       0x74 build/cooja/contiki-ng-cooja.a(linkaddr.o)
                0x00000000000182f1                linkaddr_copy
                0x000000000001830e                linkaddr_cmp
                0x0000000000018340                linkaddr_set_node_addr
 .text          0x0000000000018365      0x10b build/cooja/contiki-ng-cooja.a(printf.o)
                0x0000000000018396                log_printf
 .text          0x0000000000018470      0x14a build/cooja/contiki-ng-cooja.a(sprintf.o)
                0x00000000000184b7                log_sprintf
 .text          0x00000000000185ba      0x1e9 build/cooja/contiki-ng-cooja.a(snprintf.o)
                0x000000000001863e                log_snprintf
                0x000000000001871f                log_vsnprintf
 .text          0x00000000000187a3       0x39 build/cooja/contiki-ng-cooja.a(puts.o)
                0x00000000000187a3                log_puts
 .text          0x00000000000187dc       0x1a build/cooja/contiki-ng-cooja.a(putchar.o)
                0x00000000000187dc                log_putchar
 .text          0x00000000000187f6      0x27f build/cooja/contiki-ng-cooja.a(csma.o)
 .text          0x0000000000018a75      0xa73 build/cooja/contiki-ng-cooja.a(csma-output.o)
                0x0000000000019204                csma_output_packet
                0x00000000000194bd                csma_output_init
 .text          0x00000000000194e8      0xe33 build/cooja/contiki-ng-cooja.a(uip-ds6.o)
                0x00000000000194e8                uip_ds6_default_prefix
                0x00000000000194f5                uip_ds6_set_default_prefix
                0x0000000000019519                uip_ds6_init
                0x00000000000197a7                uip_ds6_periodic
                0x0000000000019845                uip_ds6_list_loop
                0x000000000001992a                uip_ds6_prefix_add
                0x00000000000199f7                uip_ds6_prefix_rm
                0x0000000000019a11                uip_ds6_prefix_lookup
                0x0000000000019a64                uip_ds6_is_addr_onlink
                0x0000000000019af4                uip_ds6_addr_add
                0x0000000000019c35                uip_ds6_addr_rm
                0x0000000000019ce9                uip_ds6_addr_lookup
                0x0000000000019d37                uip_ds6_get_link_local
                0x0000000000019dd8                uip_ds6_get_global
                0x0000000000019e79                uip_ds6_maddr_add
                0x0000000000019eee                uip_ds6_maddr_rm
                0x0000000000019f08                uip_ds6_maddr_lookup
                0x0000000000019f59                uip_ds6_aaddr_add
                0x0000000000019fce                uip_ds6_aaddr_rm
                0x0000000000019fe8                uip_ds6_aaddr_lookup
                0x000000000001a039                uip_ds6_select_src
                0x000000000001a1bf                uip_ds6_set_addr_iid
                0x000000000001a1f4                uip_ds6_set_lladdr_from_iid
                0x000000000001a227                get_match_length
                0x000000000001a2d1                uip_ds6_compute_reachable_time
 .text          0x000000000001a31b      0xb76 build/cooja/contiki-ng-cooja.a(tcp-socket.o)
                0x000000000001aa44                tcp_socket_register
                0x000000000001ab08                tcp_socket_connect
                0x000000000001abc4                tcp_socket_listen
                0x000000000001ac4d                tcp_socket_unlisten
                0x000000000001acd5                tcp_socket_send
                0x000000000001ad8f                tcp_socket_send_str
                0x000000000001adc2                tcp_socket_close
                0x000000000001adf3                tcp_socket_unregister
                0x000000000001ae58                tcp_socket_max_sendlen
                0x000000000001ae7c                tcp_socket_queuelen
 .text          0x000000000001ae91      0x3a4 build/cooja/contiki-ng-cooja.a(uip-ds6-route.o)
                0x000000000001aee1                uip_ds6_route_init
                0x000000000001af03                uip_ds6_route_count_nexthop_neighbors
                0x000000000001af0e                uip_ds6_route_nexthop
                0x000000000001af1d                uip_ds6_route_head
                0x000000000001af28                uip_ds6_route_next
                0x000000000001af37                uip_ds6_route_is_nexthop
                0x000000000001af46                uip_ds6_route_num_routes
                0x000000000001af51                uip_ds6_route_lookup
                0x000000000001af60                uip_ds6_route_add
                0x000000000001af78                uip_ds6_route_rm
                0x000000000001af83                uip_ds6_route_rm_by_nexthop
                0x000000000001af8e                uip_ds6_defrt_head
                0x000000000001afa3                uip_ds6_defrt_add
                0x000000000001b05c                uip_ds6_defrt_rm
                0x000000000001b0cb                uip_ds6_defrt_lookup
                0x000000000001b13e                uip_ds6_defrt_choose
                0x000000000001b1bd                uip_ds6_defrt_periodic
 .text          0x000000000001b235      0xc10 build/cooja/contiki-ng-cooja.a(tcpip.o)
                0x000000000001b261                tcpip_output
                0x000000000001b34d                tcp_connect
                0x000000000001b3b0                tcp_unlisten
                0x000000000001b41b                tcp_listen
                0x000000000001b482                tcp_attach
                0x000000000001b4ac                udp_attach
                0x000000000001b4d6                udp_new
                0x000000000001b52d                udp_broadcast_new
                0x000000000001b81a                tcpip_input
                0x000000000001b9dd                tcpip_ipv6_output
                0x000000000001bc33                tcpip_poll_udp
                0x000000000001bc5d                tcpip_poll_tcp
                0x000000000001bc87                tcpip_uipcall
 .text          0x000000000001be45     0x387b build/cooja/contiki-ng-cooja.a(uip6.o)
                0x000000000001be45                uip_add32
                0x000000000001c047                uip_chksum
                0x000000000001c129                uip_icmp6chksum
                0x000000000001c139                uip_tcpchksum
                0x000000000001c149                uip_udpchksum
                0x000000000001c159                uip_init
                0x000000000001c219                uip_connect
                0x000000000001c3bf                uip_remove_ext_hdr
                0x000000000001c4bc                uip_udp_new
                0x000000000001c625                uip_unlisten
                0x000000000001c670                uip_listen
                0x000000000001c96f                uip_process
                0x000000000001f54f                uip_htons
                0x000000000001f56e                uip_htonl
                0x000000000001f5b2                uip_send
 .text          0x000000000001f6c0      0x3e1 build/cooja/contiki-ng-cooja.a(uip-ds6-nbr.o)
                0x000000000001f6c0                uip_ds6_neighbors_init
                0x000000000001f6e5                uip_ds6_nbr_add
                0x000000000001f77f                uip_ds6_nbr_rm
                0x000000000001f7d8                uip_ds6_nbr_update_ll
                0x000000000001f8dc                uip_ds6_nbr_get_ipaddr
                0x000000000001f8f8                uip_ds6_nbr_get_ll
                0x000000000001f91c                uip_ds6_nbr_num
                0x000000000001f96a                uip_ds6_nbr_head
                0x000000000001f97f                uip_ds6_nbr_next
                0x000000000001f9a3                uip_ds6_nbr_lookup
                0x000000000001fa08                uip_ds6_nbr_ll_lookup
                0x000000000001fa2c                uip_ds6_nbr_ipaddr_from_lladdr
                0x000000000001fa5c                uip_ds6_nbr_lladdr_from_ipaddr
                0x000000000001fa94                uip_ds6_link_callback
 .text          0x000000000001faa1      0x86a build/cooja/contiki-ng-cooja.a(uip-nd6.o)
                0x00000000000202f8                uip_nd6_init
 .text          0x000000000002030b     0x3765 build/cooja/contiki-ng-cooja.a(sicslowpan.o)
                0x0000000000020ad7                netstack_sniffer_add
                0x0000000000020aed                netstack_sniffer_remove
                0x0000000000023a41                sicslowpan_init
                0x0000000000023a64                sicslowpan_get_last_rssi
 .text          0x0000000000023a70      0x571 build/cooja/contiki-ng-cooja.a(uiplib.o)
                0x0000000000023a70                uiplib_ip6addrconv
                0x0000000000023c52                uiplib_ip4addrconv
                0x0000000000023d20                uiplib_ipaddr_print
                0x0000000000023d7f                uiplib_ipaddr_snprint
 .text          0x0000000000023fe1      0x629 build/cooja/contiki-ng-cooja.a(rpl.o)
                0x0000000000023fe1                rpl_lollipop_greater_than
                0x0000000000024041                rpl_get_global_address
                0x00000000000241dd                rpl_link_callback
                0x0000000000024243                rpl_has_joined
                0x0000000000024272                rpl_is_reachable
                0x0000000000024310                rpl_reset_prefix
                0x0000000000024383                rpl_set_prefix_from_addr
                0x0000000000024491                rpl_set_prefix
                0x00000000000245e7                rpl_set_leaf_only
                0x00000000000245fd                rpl_get_leaf_only
 .text          0x000000000002460a     0x1696 build/cooja/contiki-ng-cooja.a(rpl-icmp6.o)
                0x000000000002478e                rpl_icmp6_update_nbr_table
                0x000000000002483b                rpl_icmp6_dis_output
                0x0000000000024f4a                rpl_icmp6_dio_output
                0x000000000002586f                rpl_icmp6_dao_output
                0x0000000000025bd7                rpl_icmp6_dao_ack_output
                0x0000000000025c69                rpl_icmp6_init
 .text          0x0000000000025ca0      0x33f build/cooja/contiki-ng-cooja.a(rpl-dag-root.o)
                0x0000000000025ca0                rpl_dag_root_print_links
                0x0000000000025e06                rpl_dag_root_set_prefix
                0x0000000000025e3e                rpl_dag_root_start
                0x0000000000025fa3                rpl_dag_root_is_root
 .text          0x0000000000025fdf       0x35 build/cooja/contiki-ng-cooja.a(watchdog.o)
                0x0000000000025fdf                watchdog_init
                0x0000000000025fe6                watchdog_start
                0x0000000000025fed                watchdog_periodic
                0x0000000000026006                watchdog_stop
                0x000000000002600d                watchdog_reboot
 .text          0x0000000000026014       0x51 build/cooja/contiki-ng-cooja.a(int-master.o)
                0x0000000000026014                int_master_enable
                0x0000000000026025                int_master_read_and_disable
                0x0000000000026041                int_master_status_set
                0x0000000000026054                int_master_is_enabled
 .text          0x0000000000026065      0x11a build/cooja/contiki-ng-cooja.a(stimer.o)
                0x0000000000026065                stimer_set
                0x0000000000026093                stimer_reset
                0x00000000000260cb                stimer_restart
                0x00000000000260e9                stimer_expired
                0x000000000002612a                stimer_remaining
                0x000000000002615c                stimer_elapsed
 .text          0x000000000002617f      0x189 build/cooja/contiki-ng-cooja.a(ringbuf.o)
                0x000000000002617f                ringbuf_init
                0x00000000000261bc                ringbuf_put
                0x0000000000026247                ringbuf_get
                0x00000000000262c1                ringbuf_size
                0x00000000000262d9                ringbuf_elements
 .text          0x0000000000026308      0x206 build/cooja/contiki-ng-cooja.a(memb.o)
                0x0000000000026308                memb_init
                0x0000000000026367                memb_alloc
                0x00000000000263dd                memb_free
                0x000000000002646c                memb_inmemb
                0x00000000000264bf                memb_numfree
 .text          0x000000000002650e       0x2d build/cooja/contiki-ng-cooja.a(assert.o)
                0x000000000002650e                _xassert
 .text          0x000000000002653b      0xc1c build/cooja/contiki-ng-cooja.a(nbr-table.o)
                0x0000000000026971                nbr_table_count_entries
                0x0000000000026a0d                nbr_table_gc_get_worst
                0x0000000000026a4d                nbr_table_can_accept_new
                0x0000000000026bf4                nbr_table_entry_is_allowed
                0x0000000000026c96                nbr_table_register
                0x0000000000026d24                nbr_table_is_registered
                0x0000000000026d77                nbr_table_head
                0x0000000000026dde                nbr_table_next
                0x0000000000026e54                nbr_table_add_lladdr
                0x0000000000026fad                nbr_table_get_from_lladdr
                0x0000000000027005                nbr_table_remove
                0x0000000000027055                nbr_table_lock
                0x0000000000027083                nbr_table_unlock
                0x00000000000270b1                nbr_table_get_lladdr
                0x00000000000270f0                nbr_table_clear
                0x0000000000027128                nbr_table_key_head
                0x000000000002713d                nbr_table_key_next
 .text          0x0000000000027157      0x45c build/cooja/contiki-ng-cooja.a(link-stats.o)
                0x0000000000027157                link_stats_from_lladdr
                0x000000000002717b                link_stats_get_lladdr
                0x000000000002719f                link_stats_is_fresh
                0x00000000000271e9                guess_etx_from_rssi
                0x000000000002726b                link_stats_packet_sent
                0x00000000000273cb                link_stats_input_callback
                0x0000000000027521                link_stats_reset
                0x0000000000027578                link_stats_init
 .text          0x00000000000275b3      0x1da build/cooja/contiki-ng-cooja.a(mac-sequence.o)
                0x00000000000275b3                mac_sequence_is_duplicate
                0x0000000000027694                mac_sequence_register_seqno
 .text          0x000000000002778d       0x33 build/cooja/contiki-ng-cooja.a(mac.o)
                0x000000000002778d                mac_call_sent_callback
 .text          0x00000000000277c0      0x442 build/cooja/contiki-ng-cooja.a(framer-802154.o)
                0x0000000000027957                framer_802154_setup_params
 .text          0x0000000000027c02      0xc84 build/cooja/contiki-ng-cooja.a(frame802154.o)
                0x0000000000027c30                frame802154_get_pan_id
                0x0000000000027c3d                frame802154_set_pan_id
                0x0000000000027c55                frame802154_has_panid
                0x0000000000027e30                frame802154_check_dest_panid
                0x0000000000027ecb                frame802154_is_broadcast_addr
                0x0000000000027f1e                frame802154_extract_linkaddr
                0x00000000000281b4                frame802154_hdrlen
                0x000000000002822f                frame802154_create_fcf
                0x00000000000282fd                frame802154_create
                0x00000000000284a3                frame802154_parse_fcf
                0x0000000000028596                frame802154_parse
 .text          0x0000000000028886     0x16ba build/cooja/contiki-ng-cooja.a(strformat.o)
                0x0000000000028bf8                format_str
                0x0000000000028cd5                format_str_v
 .text          0x0000000000029f40       0x35 build/cooja/contiki-ng-cooja.a(csma-security.o)
                0x0000000000029f40                csma_security_create_frame
                0x0000000000029f62                csma_security_parse_frame
 .text          0x0000000000029f75      0x57a build/cooja/contiki-ng-cooja.a(uipbuf.o)
                0x0000000000029f75                uipbuf_clear
                0x0000000000029fa3                uipbuf_add_ext_hdr
                0x000000000002a037                uipbuf_set_len
                0x000000000002a065                uipbuf_set_len_field
                0x000000000002a094                uipbuf_get_len_field
                0x000000000002a0bb                uipbuf_get_next_header
                0x000000000002a227                uipbuf_get_last_header
                0x000000000002a2bc                uipbuf_search_header
                0x000000000002a387                uipbuf_get_attr
                0x000000000002a3b4                uipbuf_set_attr
                0x000000000002a3f0                uipbuf_set_default_attr
                0x000000000002a42c                uipbuf_clear_attr
                0x000000000002a44f                uipbuf_set_attr_flag
                0x000000000002a46e                uipbuf_clr_attr_flag
                0x000000000002a493                uipbuf_is_attr_flag
                0x000000000002a4b4                uipbuf_init
 .text          0x000000000002a4ef      0x88f build/cooja/contiki-ng-cooja.a(uip-icmp6.o)
                0x000000000002a568                uip_icmp6_input
                0x000000000002a5c2                uip_icmp6_register_input_handler
                0x000000000002a750                uip_icmp6_error_output
                0x000000000002aab3                uip_icmp6_send
                0x000000000002acf7                uip_icmp6_echo_reply_callback_add
                0x000000000002ad3a                uip_icmp6_echo_reply_callback_rm
                0x000000000002ad5f                uip_icmp6_init
 .text          0x000000000002ad7e      0x7ad build/cooja/contiki-ng-cooja.a(uip-sr.o)
                0x000000000002ad7e                uip_sr_num_nodes
                0x000000000002ae21                uip_sr_get_node
                0x000000000002ae85                uip_sr_is_addr_reachable
                0x000000000002af49                uip_sr_expire_parent
                0x000000000002afb4                uip_sr_update_node
                0x000000000002b121                uip_sr_init
                0x000000000002b14d                uip_sr_node_head
                0x000000000002b162                uip_sr_node_next
                0x000000000002b17c                uip_sr_periodic
                0x000000000002b2b1                uip_sr_free_all
                0x000000000002b328                uip_sr_link_snprint
 .text          0x000000000002b52b      0x197 build/cooja/contiki-ng-cooja.a(uip-packetqueue.o)
                0x000000000002b563                uip_packetqueue_new
                0x000000000002b579                uip_packetqueue_alloc
                0x000000000002b5ef                uip_packetqueue_free
                0x000000000002b640                uip_packetqueue_buf
                0x000000000002b668                uip_packetqueue_buflen
                0x000000000002b693                uip_packetqueue_set_buflen
 .text          0x000000000002b6c2       0x85 build/cooja/contiki-ng-cooja.a(rpl-nbr-policy.o)
                0x000000000002b706                rpl_nbr_gc_get_worst
 .text          0x000000000002b747      0xa97 build/cooja/contiki-ng-cooja.a(rpl-neighbor.o)
                0x000000000002b7d6                rpl_neighbor_snprint
                0x000000000002bb0d                rpl_neighbor_print_list
                0x000000000002bbe0                rpl_neighbor_count
                0x000000000002bcc3                rpl_neighbor_get_from_lladdr
                0x000000000002bcea                rpl_neighbor_is_acceptable_parent
                0x000000000002bd32                rpl_neighbor_get_link_metric
                0x000000000002bd7a                rpl_neighbor_rank_via_nbr
                0x000000000002bdc2                rpl_neighbor_get_lladdr
                0x000000000002bde9                rpl_neighbor_get_ipaddr
                0x000000000002be13                rpl_neighbor_get_link_stats
                0x000000000002be3d                rpl_neighbor_is_fresh
                0x000000000002be67                rpl_neighbor_is_parent
                0x000000000002be9c                rpl_neighbor_set_preferred_parent
                0x000000000002bf4f                rpl_neighbor_remove_all
                0x000000000002bfb1                rpl_neighbor_get_from_ipaddr
                0x000000000002c0e2                rpl_neighbor_select_best
                0x000000000002c1be                rpl_neighbor_init
 .text          0x000000000002c1de     0x1172 build/cooja/contiki-ng-cooja.a(rpl-dag.o)
                0x000000000002c1de                rpl_dag_state_to_str
                0x000000000002c22b                rpl_dag_get_root_ipaddr
                0x000000000002c271                rpl_dag_leave
                0x000000000002c315                rpl_dag_poison_and_leave
                0x000000000002c32f                rpl_dag_periodic
                0x000000000002c3ef                rpl_is_addr_in_our_dag
                0x000000000002c444                rpl_get_default_instance
                0x000000000002c467                rpl_get_any_dag
                0x000000000002c4cc                rpl_refresh_routes
                0x000000000002c52a                rpl_global_repair
                0x000000000002c5de                rpl_local_repair
                0x000000000002c639                rpl_dag_ready_to_advertise
                0x000000000002c68d                rpl_dag_update_state
                0x000000000002cf28                rpl_process_dio
                0x000000000002cfc3                rpl_process_dis
                0x000000000002d010                rpl_process_dao
                0x000000000002d0b5                rpl_process_dao_ack
                0x000000000002d15e                rpl_process_hbh
                0x000000000002d1b9                rpl_dag_init_root
                0x000000000002d330                rpl_dag_init
 .text          0x000000000002d350      0xc9b build/cooja/contiki-ng-cooja.a(rpl-timers.o)
                0x000000000002d350                rpl_timers_schedule_periodic_dis
                0x000000000002d519                rpl_timers_dio_reset
                0x000000000002d692                rpl_timers_schedule_unicast_dio
                0x000000000002d85d                rpl_timers_schedule_dao
                0x000000000002d958                rpl_timers_schedule_dao_ack
                0x000000000002da0c                rpl_timers_notify_dao_ack
                0x000000000002da76                get_probing_delay
                0x000000000002dabf                get_probing_target
                0x000000000002dcff                rpl_schedule_probing
                0x000000000002dd3c                rpl_schedule_probing_now
                0x000000000002ddbf                rpl_timers_unschedule_leaving
                0x000000000002ddff                rpl_timers_schedule_leaving
                0x000000000002de50                rpl_timers_init
                0x000000000002def1                rpl_timers_stop_dag_timers
                0x000000000002df7a                rpl_timers_unschedule_state_update
                0x000000000002dfa0                rpl_timers_schedule_state_update
 .text          0x000000000002dfeb      0xdd9 build/cooja/contiki-ng-cooja.a(rpl-ext-header.o)
                0x000000000002dfeb                rpl_ext_header_srh_get_next_hop
                0x000000000002e0f5                rpl_ext_header_srh_update
                0x000000000002e787                rpl_ext_header_hbh_update
                0x000000000002eb22                rpl_ext_header_update
                0x000000000002ebc8                rpl_ext_header_remove
 .text          0x000000000002edc4      0x354 build/cooja/contiki-ng-cooja.a(rpl-mrhof.o)
 .text          0x000000000002f118        0x0 /usr/lib/gcc/x86_64-linux-gnu/7/crtendS.o
 .text          0x000000000002f118        0x0 /usr/lib/gcc/x86_64-linux-gnu/7/../../../x86_64-linux-gnu/crtn.o
 *(.gnu.warning)

.fini           0x000000000002f118        0x9
 *(SORT_NONE(.fini))
 .fini          0x000000000002f118        0x4 /usr/lib/gcc/x86_64-linux-gnu/7/../../../x86_64-linux-gnu/crti.o
                0x000000000002f118                _fini
 .fini          0x000000000002f11c        0x5 /usr/lib/gcc/x86_64-linux-gnu/7/../../../x86_64-linux-gnu/crtn.o
                [!provide]                        PROVIDE (__etext = .)
                [!provide]                        PROVIDE (_etext = .)
                [!provide]                        PROVIDE (etext = .)

.rodata         0x000000000002f130      0xa93
 *(.rodata .rodata.* .gnu.linkonce.r.*)
 .rodata        0x000000000002f130      0x23f mqtt-client.o
 .rodata        0x000000000002f36f        0x6 build/cooja/contiki-ng-cooja.a(leds-arch.o)
                0x000000000002f36f                leds_arch_leds
 .rodata        0x000000000002f375        0x4 build/cooja/contiki-ng-cooja.a(pir-sensor.o)
 .rodata        0x000000000002f379        0x3 build/cooja/contiki-ng-cooja.a(rs232.o)
 .rodata        0x000000000002f37c        0xa build/cooja/contiki-ng-cooja.a(vib-sensor.o)
 *fill*         0x000000000002f386        0x2 
 .rodata        0x000000000002f388       0x26 build/cooja/contiki-ng-cooja.a(cfs-cooja.o)
 *fill*         0x000000000002f3ae        0x2 
 .rodata        0x000000000002f3b0       0x68 build/cooja/contiki-ng-cooja.a(cooja-radio.o)
 .rodata        0x000000000002f418        0x8 build/cooja/contiki-ng-cooja.a(sensors.o)
 .rodata        0x000000000002f420       0x14 build/cooja/contiki-ng-cooja.a(buttons.o)
                0x000000000002f42c                button_hal_button_count
 .rodata        0x000000000002f434       0x14 build/cooja/contiki-ng-cooja.a(mqtt.o)
 .rodata        0x000000000002f448       0xfc build/cooja/contiki-ng-cooja.a(contiki-main.o)
 .rodata        0x000000000002f544        0xf build/cooja/contiki-ng-cooja.a(ctimer.o)
 *fill*         0x000000000002f553        0x1 
 .rodata        0x000000000002f554       0xc0 build/cooja/contiki-ng-cooja.a(log.o)
 .rodata        0x000000000002f614        0xc build/cooja/contiki-ng-cooja.a(etimer.o)
 .rodata        0x000000000002f620       0x13 build/cooja/contiki-ng-cooja.a(button-hal.o)
 .rodata        0x000000000002f633        0xe build/cooja/contiki-ng-cooja.a(serial-line.o)
 *fill*         0x000000000002f641        0x7 
 .rodata        0x000000000002f648        0x8 build/cooja/contiki-ng-cooja.a(linkaddr.o)
                0x000000000002f648                linkaddr_null
 .rodata        0x000000000002f650        0x5 build/cooja/contiki-ng-cooja.a(csma.o)
 *fill*         0x000000000002f655        0x3 
 .rodata        0x000000000002f658       0x27 build/cooja/contiki-ng-cooja.a(csma-output.o)
 .rodata        0x000000000002f67f       0x13 build/cooja/contiki-ng-cooja.a(tcp-socket.o)
 *fill*         0x000000000002f692        0x6 
 .rodata        0x000000000002f698       0x4c build/cooja/contiki-ng-cooja.a(uip-ds6-route.o)
 .rodata        0x000000000002f6e4        0xd build/cooja/contiki-ng-cooja.a(tcpip.o)
 *fill*         0x000000000002f6f1        0x3 
 .rodata        0x000000000002f6f4       0x48 build/cooja/contiki-ng-cooja.a(uip6.o)
 .rodata        0x000000000002f73c       0x1d build/cooja/contiki-ng-cooja.a(sicslowpan.o)
                0x000000000002f73c                unc_llconf
                0x000000000002f740                unc_ctxconf
                0x000000000002f744                unc_mxconf
                0x000000000002f748                llprefix
 .rodata        0x000000000002f759       0x2d build/cooja/contiki-ng-cooja.a(uiplib.o)
 .rodata        0x000000000002f786        0x9 build/cooja/contiki-ng-cooja.a(rpl.o)
 *fill*         0x000000000002f78f        0x1 
 .rodata        0x000000000002f790       0x25 build/cooja/contiki-ng-cooja.a(assert.o)
 *fill*         0x000000000002f7b5        0xb 
 .rodata        0x000000000002f7c0      0x280 build/cooja/contiki-ng-cooja.a(strformat.o)
 .rodata        0x000000000002fa40       0x44 build/cooja/contiki-ng-cooja.a(uip-sr.o)
 *fill*         0x000000000002fa84        0x4 
 .rodata        0x000000000002fa88       0x58 build/cooja/contiki-ng-cooja.a(rpl-neighbor.o)
 .rodata        0x000000000002fae0       0xd7 build/cooja/contiki-ng-cooja.a(rpl-dag.o)
 .rodata        0x000000000002fbb7        0xc build/cooja/contiki-ng-cooja.a(rpl-timers.o)

.rodata1
 *(.rodata1)

.eh_frame_hdr   0x000000000002fbc4     0x18e4
 *(.eh_frame_hdr)
 .eh_frame_hdr  0x000000000002fbc4     0x18e4 mqtt-client.o
                0x000000000002fbc4                __GNU_EH_FRAME_HDR
 *(.eh_frame_entry .eh_frame_entry.*)

.eh_frame       0x00000000000314a8     0x6404
 *(.eh_frame)
 .eh_frame      0x00000000000314a8       0x40 /usr/lib/gcc/x86_64-linux-gnu/7/../../../x86_64-linux-gnu/crti.o
 .eh_frame      0x00000000000314e8       0x18 /usr/lib/gcc/x86_64-linux-gnu/7/../../../x86_64-linux-gnu/crti.o
                                         0x30 (size before relaxing)
 .eh_frame      0x0000000000031500       0x88 mqtt-client.o
                                         0xa0 (size before relaxing)
 .eh_frame      0x0000000000031588      0x198 build/cooja/mtype102.o
                                        0x1b0 (size before relaxing)
 .eh_frame      0x0000000000031720       0x40 build/cooja/contiki-ng-cooja.a(simEnvChange.o)
                                         0x58 (size before relaxing)
 .eh_frame      0x0000000000031760       0x60 build/cooja/contiki-ng-cooja.a(cooja_mt.o)
                                         0x78 (size before relaxing)
 .eh_frame      0x00000000000317c0       0x80 build/cooja/contiki-ng-cooja.a(cooja_mtarch.o)
                                         0x98 (size before relaxing)
 .eh_frame      0x0000000000031840       0xc0 build/cooja/contiki-ng-cooja.a(rtimer-arch.o)
                                         0xd8 (size before relaxing)
 .eh_frame      0x0000000000031900      0x160 build/cooja/contiki-ng-cooja.a(beep.o)
                                        0x178 (size before relaxing)
 .eh_frame      0x0000000000031a60       0x80 build/cooja/contiki-ng-cooja.a(leds-arch.o)
                                         0x98 (size before relaxing)
 .eh_frame      0x0000000000031ae0       0x40 build/cooja/contiki-ng-cooja.a(moteid.o)
                                         0x58 (size before relaxing)
 .eh_frame      0x0000000000031b20       0xa0 build/cooja/contiki-ng-cooja.a(pir-sensor.o)
                                         0xb8 (size before relaxing)
 .eh_frame      0x0000000000031bc0      0x100 build/cooja/contiki-ng-cooja.a(rs232.o)
                                        0x118 (size before relaxing)
 .eh_frame      0x0000000000031cc0       0xa0 build/cooja/contiki-ng-cooja.a(vib-sensor.o)
                                         0xb8 (size before relaxing)
 .eh_frame      0x0000000000031d60       0xc0 build/cooja/contiki-ng-cooja.a(clock.o)
                                         0xd8 (size before relaxing)
 .eh_frame      0x0000000000031e20      0x100 build/cooja/contiki-ng-cooja.a(cooja-log.o)
                                        0x118 (size before relaxing)
 .eh_frame      0x0000000000031f20      0x160 build/cooja/contiki-ng-cooja.a(cfs-cooja.o)
                                        0x178 (size before relaxing)
 .eh_frame      0x0000000000032080      0x360 build/cooja/contiki-ng-cooja.a(cooja-radio.o)
                                        0x378 (size before relaxing)
 .eh_frame      0x00000000000323e0       0xa0 build/cooja/contiki-ng-cooja.a(eeprom.o)
                                         0xb8 (size before relaxing)
 .eh_frame      0x0000000000032480       0x40 build/cooja/contiki-ng-cooja.a(random.o)
                                         0x58 (size before relaxing)
 .eh_frame      0x00000000000324c0       0xc0 build/cooja/contiki-ng-cooja.a(sensors.o)
                                         0xd8 (size before relaxing)
 .eh_frame      0x0000000000032580      0x120 build/cooja/contiki-ng-cooja.a(leds.o)
                                        0x138 (size before relaxing)
 .eh_frame      0x00000000000326a0      0x220 build/cooja/contiki-ng-cooja.a(gpio-hal-arch.o)
                                        0x238 (size before relaxing)
 .eh_frame      0x00000000000328c0       0xa0 build/cooja/contiki-ng-cooja.a(buttons.o)
                                         0xb8 (size before relaxing)
 .eh_frame      0x0000000000032960      0x4e0 build/cooja/contiki-ng-cooja.a(mqtt.o)
                                        0x4f8 (size before relaxing)
 .eh_frame      0x0000000000032e40       0x20 build/cooja/contiki-ng-cooja.a(contiki-main.o)
                                         0x38 (size before relaxing)
 .eh_frame      0x0000000000032e60       0x40 build/cooja/contiki-ng-cooja.a(autostart.o)
                                         0x58 (size before relaxing)
 .eh_frame      0x0000000000032ea0      0x100 build/cooja/contiki-ng-cooja.a(ctimer.o)
                                        0x118 (size before relaxing)
 .eh_frame      0x0000000000032fa0      0x120 build/cooja/contiki-ng-cooja.a(log.o)
                                        0x138 (size before relaxing)
 .eh_frame      0x00000000000330c0       0x60 build/cooja/contiki-ng-cooja.a(energest.o)
                                         0x78 (size before relaxing)
 .eh_frame      0x0000000000033120      0x1e0 build/cooja/contiki-ng-cooja.a(etimer.o)
                                        0x1f8 (size before relaxing)
 .eh_frame      0x0000000000033300       0x20 build/cooja/contiki-ng-cooja.a(node-id.o)
                                         0x38 (size before relaxing)
 .eh_frame      0x0000000000033320       0x60 build/cooja/contiki-ng-cooja.a(rtimer.o)
                                         0x78 (size before relaxing)
 .eh_frame      0x0000000000033380      0x1c8 build/cooja/contiki-ng-cooja.a(process.o)
                                        0x1e0 (size before relaxing)
 .eh_frame      0x0000000000033548       0xa0 build/cooja/contiki-ng-cooja.a(timer.o)
                                         0xb8 (size before relaxing)
 .eh_frame      0x00000000000335e8      0x1a0 build/cooja/contiki-ng-cooja.a(list.o)
                                        0x1b8 (size before relaxing)
 .eh_frame      0x0000000000033788      0x160 build/cooja/contiki-ng-cooja.a(button-hal.o)
                                        0x178 (size before relaxing)
 .eh_frame      0x00000000000338e8       0x60 build/cooja/contiki-ng-cooja.a(serial-line.o)
                                         0x78 (size before relaxing)
 .eh_frame      0x0000000000033948       0xe0 build/cooja/contiki-ng-cooja.a(gpio-hal.o)
                                         0xf8 (size before relaxing)
 .eh_frame      0x0000000000033a28      0x1a0 build/cooja/contiki-ng-cooja.a(queuebuf.o)
                                        0x1b8 (size before relaxing)
 .eh_frame      0x0000000000033bc8      0x288 build/cooja/contiki-ng-cooja.a(packetbuf.o)
                                        0x2a0 (size before relaxing)
 .eh_frame      0x0000000000033e50       0x80 build/cooja/contiki-ng-cooja.a(netstack.o)
                                         0x98 (size before relaxing)
 .eh_frame      0x0000000000033ed0       0x60 build/cooja/contiki-ng-cooja.a(linkaddr.o)
                                         0x78 (size before relaxing)
 .eh_frame      0x0000000000033f30       0x40 build/cooja/contiki-ng-cooja.a(printf.o)
                                         0x58 (size before relaxing)
 .eh_frame      0x0000000000033f70       0x40 build/cooja/contiki-ng-cooja.a(sprintf.o)
                                         0x58 (size before relaxing)
 .eh_frame      0x0000000000033fb0       0x60 build/cooja/contiki-ng-cooja.a(snprintf.o)
                                         0x78 (size before relaxing)
 .eh_frame      0x0000000000034010       0x20 build/cooja/contiki-ng-cooja.a(puts.o)
                                         0x38 (size before relaxing)
 .eh_frame      0x0000000000034030       0x20 build/cooja/contiki-ng-cooja.a(putchar.o)
                                         0x38 (size before relaxing)
 .eh_frame      0x0000000000034050       0xe0 build/cooja/contiki-ng-cooja.a(csma.o)
                                         0xf8 (size before relaxing)
 .eh_frame      0x0000000000034130      0x1c8 build/cooja/contiki-ng-cooja.a(csma-output.o)
                                        0x1e0 (size before relaxing)
 .eh_frame      0x00000000000342f8      0x328 build/cooja/contiki-ng-cooja.a(uip-ds6.o)
                                        0x340 (size before relaxing)
 .eh_frame      0x0000000000034620      0x248 build/cooja/contiki-ng-cooja.a(tcp-socket.o)
                                        0x260 (size before relaxing)
 .eh_frame      0x0000000000034868      0x240 build/cooja/contiki-ng-cooja.a(uip-ds6-route.o)
                                        0x258 (size before relaxing)
 .eh_frame      0x0000000000034aa8      0x308 build/cooja/contiki-ng-cooja.a(tcpip.o)
                                        0x320 (size before relaxing)
 .eh_frame      0x0000000000034db0      0x2b0 build/cooja/contiki-ng-cooja.a(uip6.o)
                                        0x2c8 (size before relaxing)
 .eh_frame      0x0000000000035060      0x1c0 build/cooja/contiki-ng-cooja.a(uip-ds6-nbr.o)
                                        0x1d8 (size before relaxing)
 .eh_frame      0x0000000000035220       0x80 build/cooja/contiki-ng-cooja.a(uip-nd6.o)
                                         0x98 (size before relaxing)
 .eh_frame      0x00000000000352a0      0x2e0 build/cooja/contiki-ng-cooja.a(sicslowpan.o)
                                        0x2f8 (size before relaxing)
 .eh_frame      0x0000000000035580       0x80 build/cooja/contiki-ng-cooja.a(uiplib.o)
                                         0x98 (size before relaxing)
 .eh_frame      0x0000000000035600      0x1e0 build/cooja/contiki-ng-cooja.a(rpl.o)
                                        0x1f8 (size before relaxing)
 .eh_frame      0x00000000000357e0      0x1c0 build/cooja/contiki-ng-cooja.a(rpl-icmp6.o)
                                        0x1d8 (size before relaxing)
 .eh_frame      0x00000000000359a0       0xa0 build/cooja/contiki-ng-cooja.a(rpl-dag-root.o)
                                         0xb8 (size before relaxing)
 .eh_frame      0x0000000000035a40       0xa0 build/cooja/contiki-ng-cooja.a(watchdog.o)
                                         0xb8 (size before relaxing)
 .eh_frame      0x0000000000035ae0       0x80 build/cooja/contiki-ng-cooja.a(int-master.o)
                                         0x98 (size before relaxing)
 .eh_frame      0x0000000000035b60       0xc0 build/cooja/contiki-ng-cooja.a(stimer.o)
                                         0xd8 (size before relaxing)
 .eh_frame      0x0000000000035c20       0xa0 build/cooja/contiki-ng-cooja.a(ringbuf.o)
                                         0xb8 (size before relaxing)
 .eh_frame      0x0000000000035cc0       0xa0 build/cooja/contiki-ng-cooja.a(memb.o)
                                         0xb8 (size before relaxing)
 .eh_frame      0x0000000000035d60       0x20 build/cooja/contiki-ng-cooja.a(assert.o)
                                         0x38 (size before relaxing)
 .eh_frame      0x0000000000035d80      0x3e0 build/cooja/contiki-ng-cooja.a(nbr-table.o)
                                        0x3f8 (size before relaxing)
 .eh_frame      0x0000000000036160      0x120 build/cooja/contiki-ng-cooja.a(link-stats.o)
                                        0x138 (size before relaxing)
 .eh_frame      0x0000000000036280       0x48 build/cooja/contiki-ng-cooja.a(mac-sequence.o)
                                         0x60 (size before relaxing)
 .eh_frame      0x00000000000362c8       0x20 build/cooja/contiki-ng-cooja.a(mac.o)
                                         0x38 (size before relaxing)
 .eh_frame      0x00000000000362e8       0xa8 build/cooja/contiki-ng-cooja.a(framer-802154.o)
                                         0xc0 (size before relaxing)
 .eh_frame      0x0000000000036390      0x1a8 build/cooja/contiki-ng-cooja.a(frame802154.o)
                                        0x1c0 (size before relaxing)
 .eh_frame      0x0000000000036538      0x120 build/cooja/contiki-ng-cooja.a(strformat.o)
                                        0x138 (size before relaxing)
 .eh_frame      0x0000000000036658       0x40 build/cooja/contiki-ng-cooja.a(csma-security.o)
                                         0x58 (size before relaxing)
 .eh_frame      0x0000000000036698      0x200 build/cooja/contiki-ng-cooja.a(uipbuf.o)
                                        0x218 (size before relaxing)
 .eh_frame      0x0000000000036898      0x148 build/cooja/contiki-ng-cooja.a(uip-icmp6.o)
                                        0x160 (size before relaxing)
 .eh_frame      0x00000000000369e0      0x180 build/cooja/contiki-ng-cooja.a(uip-sr.o)
                                        0x198 (size before relaxing)
 .eh_frame      0x0000000000036b60       0xe0 build/cooja/contiki-ng-cooja.a(uip-packetqueue.o)
                                         0xf8 (size before relaxing)
 .eh_frame      0x0000000000036c40       0x40 build/cooja/contiki-ng-cooja.a(rpl-nbr-policy.o)
                                         0x58 (size before relaxing)
 .eh_frame      0x0000000000036c80      0x2b0 build/cooja/contiki-ng-cooja.a(rpl-neighbor.o)
                                        0x2c8 (size before relaxing)
 .eh_frame      0x0000000000036f30      0x360 build/cooja/contiki-ng-cooja.a(rpl-dag.o)
                                        0x378 (size before relaxing)
 .eh_frame      0x0000000000037290      0x3a8 build/cooja/contiki-ng-cooja.a(rpl-timers.o)
                                        0x3c0 (size before relaxing)
 .eh_frame      0x0000000000037638      0x128 build/cooja/contiki-ng-cooja.a(rpl-ext-header.o)
                                        0x140 (size before relaxing)
 .eh_frame      0x0000000000037760      0x148 build/cooja/contiki-ng-cooja.a(rpl-mrhof.o)
                                        0x160 (size before relaxing)
 .eh_frame      0x00000000000378a8        0x4 /usr/lib/gcc/x86_64-linux-gnu/7/crtendS.o
 *(.eh_frame.*)

.gcc_except_table
 *(.gcc_except_table .gcc_except_table.*)

.gnu_extab
 *(.gnu_extab*)

.exception_ranges
 *(.exception_ranges .exception_ranges*)
                0x00000000002386d0                . = DATA_SEGMENT_ALIGN (CONSTANT (MAXPAGESIZE), CONSTANT (COMMONPAGESIZE))

.eh_frame
 *(.eh_frame)
 *(.eh_frame.*)

.gnu_extab
 *(.gnu_extab)

.gcc_except_table
 *(.gcc_except_table .gcc_except_table.*)

.exception_ranges
 *(.exception_ranges .exception_ranges*)

.tdata
 *(.tdata .tdata.* .gnu.linkonce.td.*)

.tbss
 *(.tbss .tbss.* .gnu.linkonce.tb.*)
 *(.tcommon)

.preinit_array
 *(.preinit_array)

.init_array     0x00000000002386d0        0x8
 *(SORT_BY_INIT_PRIORITY(.init_array.*) SORT_BY_INIT_PRIORITY(.ctors.*))
 *(.init_array EXCLUDE_FILE(*crtend?.o *crtend.o *crtbegin?.o *crtbegin.o) .ctors)
 .init_array    0x00000000002386d0        0x8 /usr/lib/gcc/x86_64-linux-gnu/7/crtbeginS.o

.fini_array     0x00000000002386d8        0x8
 *(SORT_BY_INIT_PRIORITY(.fini_array.*) SORT_BY_INIT_PRIORITY(.dtors.*))
 *(.fini_array EXCLUDE_FILE(*crtend?.o *crtend.o *crtbegin?.o *crtbegin.o) .dtors)
 .fini_array    0x00000000002386d8        0x8 /usr/lib/gcc/x86_64-linux-gnu/7/crtbeginS.o

.ctors
 *crtbegin.o(.ctors)
 *crtbegin?.o(.ctors)
 *(EXCLUDE_FILE(*crtend?.o *crtend.o) .ctors)
 *(SORT_BY_NAME(.ctors.*))
 *(.ctors)

.dtors
 *crtbegin.o(.dtors)
 *crtbegin?.o(.dtors)
 *(EXCLUDE_FILE(*crtend?.o *crtend.o) .dtors)
 *(SORT_BY_NAME(.dtors.*))
 *(.dtors)

.jcr
 *(.jcr)

.data.rel.ro    0x00000000002386e0      0x350
 *(.data.rel.ro.local* .gnu.linkonce.d.rel.ro.local.*)
 .data.rel.ro.local
                0x00000000002386e0       0x10 build/cooja/contiki-ng-cooja.a(beep.o)
                0x00000000002386e0                beep_interface
 .data.rel.ro.local
                0x00000000002386f0       0x10 build/cooja/contiki-ng-cooja.a(leds-arch.o)
                0x00000000002386f0                leds_interface
 .data.rel.ro.local
                0x0000000000238700       0x10 build/cooja/contiki-ng-cooja.a(moteid.o)
                0x0000000000238700                moteid_interface
 *fill*         0x0000000000238710       0x10 
 .data.rel.ro.local
                0x0000000000238720       0x40 build/cooja/contiki-ng-cooja.a(pir-sensor.o)
                0x0000000000238720                pir_interface
                0x0000000000238740                pir_sensor
 .data.rel.ro.local
                0x0000000000238760       0x10 build/cooja/contiki-ng-cooja.a(rs232.o)
                0x0000000000238760                rs232_interface
 *fill*         0x0000000000238770       0x10 
 .data.rel.ro.local
                0x0000000000238780       0x40 build/cooja/contiki-ng-cooja.a(vib-sensor.o)
                0x0000000000238780                vib_interface
                0x00000000002387a0                vib_sensor
 .data.rel.ro.local
                0x00000000002387c0       0x10 build/cooja/contiki-ng-cooja.a(clock.o)
                0x00000000002387c0                clock_interface
 .data.rel.ro.local
                0x00000000002387d0       0x10 build/cooja/contiki-ng-cooja.a(cooja-log.o)
                0x00000000002387d0                simlog_interface
 .data.rel.ro.local
                0x00000000002387e0       0x10 build/cooja/contiki-ng-cooja.a(cfs-cooja.o)
                0x00000000002387e0                cfs_interface
 *fill*         0x00000000002387f0       0x10 
 .data.rel.ro.local
                0x0000000000238800       0x90 build/cooja/contiki-ng-cooja.a(cooja-radio.o)
                0x0000000000238800                radio_interface
                0x0000000000238820                cooja_radio_driver
 .data.rel.ro.local
                0x0000000000238890       0x10 build/cooja/contiki-ng-cooja.a(eeprom.o)
                0x0000000000238890                eeprom_interface
 .data.rel.ro.local
                0x00000000002388a0       0x40 build/cooja/contiki-ng-cooja.a(buttons.o)
                0x00000000002388a0                button_interface
                0x00000000002388c0                button_sensor
 .data.rel.ro.local
                0x00000000002388e0       0x38 build/cooja/contiki-ng-cooja.a(csma.o)
                0x00000000002388e0                csma_driver
 *fill*         0x0000000000238918        0x8 
 .data.rel.ro.local
                0x0000000000238920       0x18 build/cooja/contiki-ng-cooja.a(framer-802154.o)
                0x0000000000238920                framer_802154
 *(.data.rel.ro .data.rel.ro.* .gnu.linkonce.d.rel.ro.*)
 .data.rel.ro   0x0000000000238938        0x0 /usr/lib/gcc/x86_64-linux-gnu/7/../../../x86_64-linux-gnu/crti.o
 *fill*         0x0000000000238938        0x8 
 .data.rel.ro   0x0000000000238940       0x10 mqtt-client.o
                0x0000000000238940                autostart_processes
 *fill*         0x0000000000238950       0x10 
 .data.rel.ro   0x0000000000238960       0x20 build/cooja/contiki-ng-cooja.a(sicslowpan.o)
                0x0000000000238960                sicslowpan_driver
 .data.rel.ro   0x0000000000238980       0xa8 build/cooja/contiki-ng-cooja.a(rpl.o)
                0x0000000000238980                rpl_lite_driver
 .data.rel.ro   0x0000000000238a28        0x8 build/cooja/contiki-ng-cooja.a(rpl-dag.o)

.dynamic        0x0000000000238a30      0x1c0
 *(.dynamic)
 .dynamic       0x0000000000238a30      0x1c0 /usr/lib/gcc/x86_64-linux-gnu/7/../../../x86_64-linux-gnu/crti.o
                0x0000000000238a30                _DYNAMIC

.got            0x0000000000238bf0      0x400
 *(.got)
 .got           0x0000000000238bf0      0x400 /usr/lib/gcc/x86_64-linux-gnu/7/../../../x86_64-linux-gnu/crti.o
 *(.igot)
                0x0000000000239fe8                . = DATA_SEGMENT_RELRO_END (., (SIZEOF (.got.plt) >= 0x18)?0x18:0x0)

.got.plt        0x0000000000239000      0xbc0
 *(.got.plt)
 .got.plt       0x0000000000239000      0xbc0 /usr/lib/gcc/x86_64-linux-gnu/7/../../../x86_64-linux-gnu/crti.o
                0x0000000000239000                _GLOBAL_OFFSET_TABLE_
 *(.igot.plt)

.data           0x0000000000239bc0      0x828
 *(.data .data.* .gnu.linkonce.d.*)
 .data          0x0000000000239bc0        0x0 /usr/lib/gcc/x86_64-linux-gnu/7/../../../x86_64-linux-gnu/crti.o
 .data          0x0000000000239bc0        0x0 /usr/lib/gcc/x86_64-linux-gnu/7/crtbeginS.o
 .data.rel.local
                0x0000000000239bc0        0x8 /usr/lib/gcc/x86_64-linux-gnu/7/crtbeginS.o
                0x0000000000239bc0                __dso_handle
 .data          0x0000000000239bc8        0x1 mqtt-client.o
 *fill*         0x0000000000239bc9       0x17 
 .data.rel.local
                0x0000000000239be0       0x40 mqtt-client.o
                0x0000000000239c00                mqtt_client_process
 .data          0x0000000000239c20        0x0 build/cooja/mtype102.o
 .data.rel      0x0000000000239c20       0xa0 build/cooja/mtype102.o
                0x0000000000239c20                simInterfaces
                0x0000000000239ca0                sensors
 .data          0x0000000000239cc0        0x0 build/cooja/contiki-ng-cooja.a(simEnvChange.o)
 .data          0x0000000000239cc0        0x0 build/cooja/contiki-ng-cooja.a(cooja_mt.o)
 .data          0x0000000000239cc0        0x0 build/cooja/contiki-ng-cooja.a(cooja_mtarch.o)
 .data          0x0000000000239cc0        0x0 build/cooja/contiki-ng-cooja.a(rtimer-arch.o)
 .data          0x0000000000239cc0        0x0 build/cooja/contiki-ng-cooja.a(beep.o)
 .data          0x0000000000239cc0        0x0 build/cooja/contiki-ng-cooja.a(leds-arch.o)
 .data          0x0000000000239cc0        0x0 build/cooja/contiki-ng-cooja.a(moteid.o)
 .data          0x0000000000239cc0        0x0 build/cooja/contiki-ng-cooja.a(pir-sensor.o)
 .data          0x0000000000239cc0        0x0 build/cooja/contiki-ng-cooja.a(rs232.o)
 .data          0x0000000000239cc0        0x0 build/cooja/contiki-ng-cooja.a(vib-sensor.o)
 .data          0x0000000000239cc0        0x0 build/cooja/contiki-ng-cooja.a(clock.o)
 .data          0x0000000000239cc0        0x0 build/cooja/contiki-ng-cooja.a(cooja-log.o)
 .data          0x0000000000239cc0        0x0 build/cooja/contiki-ng-cooja.a(cfs-cooja.o)
 .data          0x0000000000239cc0       0x20 build/cooja/contiki-ng-cooja.a(cooja-radio.o)
                0x0000000000239cc0                simRadioHWOn
                0x0000000000239cc4                simSignalStrength
                0x0000000000239cc8                simLastSignalStrength
                0x0000000000239ccc                simPower
                0x0000000000239cd0                simRadioChannel
                0x0000000000239cd4                simLQI
                0x0000000000239cd8                simLastLQI
 .data.rel.local
                0x0000000000239ce0       0x20 build/cooja/contiki-ng-cooja.a(cooja-radio.o)
                0x0000000000239ce0                cooja_radio_process
 .data          0x0000000000239d00        0x0 build/cooja/contiki-ng-cooja.a(eeprom.o)
 .data          0x0000000000239d00        0x0 build/cooja/contiki-ng-cooja.a(random.o)
 .data          0x0000000000239d00        0x0 build/cooja/contiki-ng-cooja.a(sensors.o)
 .data.rel.local
                0x0000000000239d00       0x20 build/cooja/contiki-ng-cooja.a(sensors.o)
                0x0000000000239d00                sensors_process
 .data          0x0000000000239d20        0x0 build/cooja/contiki-ng-cooja.a(leds.o)
 .data          0x0000000000239d20        0x0 build/cooja/contiki-ng-cooja.a(gpio-hal-arch.o)
 .data          0x0000000000239d20        0x1 build/cooja/contiki-ng-cooja.a(buttons.o)
                0x0000000000239d20                simButtonIsActive
 *fill*         0x0000000000239d21       0x1f 
 .data.rel.local
                0x0000000000239d40       0xb0 build/cooja/contiki-ng-cooja.a(buttons.o)
                0x0000000000239de0                button_hal_buttons
 .data          0x0000000000239df0        0x0 build/cooja/contiki-ng-cooja.a(mqtt.o)
 *fill*         0x0000000000239df0       0x10 
 .data.rel.local
                0x0000000000239e00       0x40 build/cooja/contiki-ng-cooja.a(mqtt.o)
                0x0000000000239e20                mqtt_process
 .data          0x0000000000239e40        0x0 build/cooja/contiki-ng-cooja.a(contiki-main.o)
 .data          0x0000000000239e40        0x0 build/cooja/contiki-ng-cooja.a(autostart.o)
 .data          0x0000000000239e40        0x0 build/cooja/contiki-ng-cooja.a(ctimer.o)
 .data.rel.local
                0x0000000000239e40       0x40 build/cooja/contiki-ng-cooja.a(ctimer.o)
                0x0000000000239e60                ctimer_process
 .data          0x0000000000239e80        0x4 build/cooja/contiki-ng-cooja.a(log.o)
                0x0000000000239e80                curr_log_level_main
 *fill*         0x0000000000239e84       0x1c 
 .data.rel      0x0000000000239ea0      0x138 build/cooja/contiki-ng-cooja.a(log.o)
                0x0000000000239ea0                all_modules
 .data          0x0000000000239fd8        0x0 build/cooja/contiki-ng-cooja.a(energest.o)
 .data          0x0000000000239fd8        0x0 build/cooja/contiki-ng-cooja.a(etimer.o)
 *fill*         0x0000000000239fd8        0x8 
 .data.rel.local
                0x0000000000239fe0       0x20 build/cooja/contiki-ng-cooja.a(etimer.o)
                0x0000000000239fe0                etimer_process
 .data          0x000000000023a000        0x0 build/cooja/contiki-ng-cooja.a(node-id.o)
 .data          0x000000000023a000        0x0 build/cooja/contiki-ng-cooja.a(rtimer.o)
 .data          0x000000000023a000        0x0 build/cooja/contiki-ng-cooja.a(process.o)
 .data          0x000000000023a000        0x0 build/cooja/contiki-ng-cooja.a(timer.o)
 .data          0x000000000023a000        0x0 build/cooja/contiki-ng-cooja.a(list.o)
 .data          0x000000000023a000        0x0 build/cooja/contiki-ng-cooja.a(button-hal.o)
 .data.rel.local
                0x000000000023a000       0x20 build/cooja/contiki-ng-cooja.a(button-hal.o)
                0x000000000023a000                button_hal_process
 .data          0x000000000023a020        0x0 build/cooja/contiki-ng-cooja.a(serial-line.o)
 .data.rel.local
                0x000000000023a020       0x20 build/cooja/contiki-ng-cooja.a(serial-line.o)
                0x000000000023a020                serial_line_process
 .data          0x000000000023a040        0x0 build/cooja/contiki-ng-cooja.a(gpio-hal.o)
 .data.rel.local
                0x000000000023a040        0x8 build/cooja/contiki-ng-cooja.a(gpio-hal.o)
 .data          0x000000000023a048        0x0 build/cooja/contiki-ng-cooja.a(queuebuf.o)
 *fill*         0x000000000023a048        0x8 
 .data.rel.local
                0x000000000023a050       0x38 build/cooja/contiki-ng-cooja.a(queuebuf.o)
 .data          0x000000000023a088        0x0 build/cooja/contiki-ng-cooja.a(packetbuf.o)
 .data.rel.local
                0x000000000023a088        0x8 build/cooja/contiki-ng-cooja.a(packetbuf.o)
 .data          0x000000000023a090        0x0 build/cooja/contiki-ng-cooja.a(netstack.o)
 .data.rel.local
                0x000000000023a090        0x8 build/cooja/contiki-ng-cooja.a(netstack.o)
 .data          0x000000000023a098        0x0 build/cooja/contiki-ng-cooja.a(linkaddr.o)
 .data          0x000000000023a098        0x0 build/cooja/contiki-ng-cooja.a(printf.o)
 *fill*         0x000000000023a098        0x8 
 .data.rel.local
                0x000000000023a0a0       0x10 build/cooja/contiki-ng-cooja.a(printf.o)
 .data          0x000000000023a0b0        0x0 build/cooja/contiki-ng-cooja.a(sprintf.o)
 .data          0x000000000023a0b0        0x0 build/cooja/contiki-ng-cooja.a(snprintf.o)
 .data          0x000000000023a0b0        0x0 build/cooja/contiki-ng-cooja.a(puts.o)
 .data          0x000000000023a0b0        0x0 build/cooja/contiki-ng-cooja.a(putchar.o)
 .data          0x000000000023a0b0        0x0 build/cooja/contiki-ng-cooja.a(csma.o)
 .data          0x000000000023a0b0        0x0 build/cooja/contiki-ng-cooja.a(csma-output.o)
 .data.rel.local
                0x000000000023a0b0       0x60 build/cooja/contiki-ng-cooja.a(csma-output.o)
 .data          0x000000000023a110        0x0 build/cooja/contiki-ng-cooja.a(uip-ds6.o)
 .data          0x000000000023a110        0x0 build/cooja/contiki-ng-cooja.a(tcp-socket.o)
 *fill*         0x000000000023a110       0x10 
 .data.rel.local
                0x000000000023a120       0x40 build/cooja/contiki-ng-cooja.a(tcp-socket.o)
                0x000000000023a140                tcp_socket_process
 .data          0x000000000023a160        0x0 build/cooja/contiki-ng-cooja.a(uip-ds6-route.o)
 .data.rel.local
                0x000000000023a160       0x28 build/cooja/contiki-ng-cooja.a(uip-ds6-route.o)
 .data          0x000000000023a188        0x0 build/cooja/contiki-ng-cooja.a(tcpip.o)
 *fill*         0x000000000023a188       0x18 
 .data.rel.local
                0x000000000023a1a0       0x20 build/cooja/contiki-ng-cooja.a(tcpip.o)
                0x000000000023a1a0                tcpip_process
 .data          0x000000000023a1c0        0x0 build/cooja/contiki-ng-cooja.a(uip6.o)
 .data          0x000000000023a1c0        0x0 build/cooja/contiki-ng-cooja.a(uip-ds6-nbr.o)
 .data.rel.local
                0x000000000023a1c0       0x20 build/cooja/contiki-ng-cooja.a(uip-ds6-nbr.o)
 .data          0x000000000023a1e0        0x0 build/cooja/contiki-ng-cooja.a(uip-nd6.o)
 .data.rel.local
                0x000000000023a1e0       0x18 build/cooja/contiki-ng-cooja.a(uip-nd6.o)
 .data          0x000000000023a1f8        0x0 build/cooja/contiki-ng-cooja.a(sicslowpan.o)
 .data          0x000000000023a1f8        0x0 build/cooja/contiki-ng-cooja.a(uiplib.o)
 .data          0x000000000023a1f8        0x0 build/cooja/contiki-ng-cooja.a(rpl.o)
 .data          0x000000000023a1f8        0x0 build/cooja/contiki-ng-cooja.a(rpl-icmp6.o)
 *fill*         0x000000000023a1f8        0x8 
 .data.rel.local
                0x000000000023a200       0x78 build/cooja/contiki-ng-cooja.a(rpl-icmp6.o)
 .data          0x000000000023a278        0x0 build/cooja/contiki-ng-cooja.a(rpl-dag-root.o)
 .data          0x000000000023a278        0x0 build/cooja/contiki-ng-cooja.a(watchdog.o)
 .data          0x000000000023a278        0x0 build/cooja/contiki-ng-cooja.a(int-master.o)
 .data          0x000000000023a278        0x0 build/cooja/contiki-ng-cooja.a(stimer.o)
 .data          0x000000000023a278        0x0 build/cooja/contiki-ng-cooja.a(ringbuf.o)
 .data          0x000000000023a278        0x0 build/cooja/contiki-ng-cooja.a(memb.o)
 .data          0x000000000023a278        0x0 build/cooja/contiki-ng-cooja.a(assert.o)
 .data          0x000000000023a278        0x0 build/cooja/contiki-ng-cooja.a(nbr-table.o)
 *fill*         0x000000000023a278        0x8 
 .data.rel.local
                0x000000000023a280       0x20 build/cooja/contiki-ng-cooja.a(nbr-table.o)
 .data          0x000000000023a2a0        0x0 build/cooja/contiki-ng-cooja.a(link-stats.o)
 .data.rel.local
                0x000000000023a2a0       0x20 build/cooja/contiki-ng-cooja.a(link-stats.o)
 .data          0x000000000023a2c0        0x0 build/cooja/contiki-ng-cooja.a(mac-sequence.o)
 .data          0x000000000023a2c0        0x0 build/cooja/contiki-ng-cooja.a(mac.o)
 .data          0x000000000023a2c0        0x0 build/cooja/contiki-ng-cooja.a(framer-802154.o)
 .data          0x000000000023a2c0        0x2 build/cooja/contiki-ng-cooja.a(frame802154.o)
 .data          0x000000000023a2c2        0x0 build/cooja/contiki-ng-cooja.a(strformat.o)
 .data          0x000000000023a2c2        0x0 build/cooja/contiki-ng-cooja.a(csma-security.o)
 .data          0x000000000023a2c2        0x0 build/cooja/contiki-ng-cooja.a(uipbuf.o)
 .data          0x000000000023a2c2        0x0 build/cooja/contiki-ng-cooja.a(uip-icmp6.o)
 *fill*         0x000000000023a2c2        0xe 
 .data.rel.local
                0x000000000023a2d0       0x48 build/cooja/contiki-ng-cooja.a(uip-icmp6.o)
 .data          0x000000000023a318        0x0 build/cooja/contiki-ng-cooja.a(uip-sr.o)
 *fill*         0x000000000023a318        0x8 
 .data.rel.local
                0x000000000023a320       0x28 build/cooja/contiki-ng-cooja.a(uip-sr.o)
 .data          0x000000000023a348        0x0 build/cooja/contiki-ng-cooja.a(uip-packetqueue.o)
 *fill*         0x000000000023a348        0x8 
 .data.rel.local
                0x000000000023a350       0x18 build/cooja/contiki-ng-cooja.a(uip-packetqueue.o)
 .data          0x000000000023a368        0x0 build/cooja/contiki-ng-cooja.a(rpl-nbr-policy.o)
 .data          0x000000000023a368        0x0 build/cooja/contiki-ng-cooja.a(rpl-neighbor.o)
 *fill*         0x000000000023a368        0x8 
 .data.rel.local
                0x000000000023a370       0x20 build/cooja/contiki-ng-cooja.a(rpl-neighbor.o)
                0x000000000023a388                rpl_neighbors
 .data          0x000000000023a390        0x0 build/cooja/contiki-ng-cooja.a(rpl-dag.o)
 .data          0x000000000023a390        0x0 build/cooja/contiki-ng-cooja.a(rpl-timers.o)
 .data          0x000000000023a390        0x0 build/cooja/contiki-ng-cooja.a(rpl-ext-header.o)
 .data          0x000000000023a390        0x0 build/cooja/contiki-ng-cooja.a(rpl-mrhof.o)
 *fill*         0x000000000023a390       0x10 
 .data.rel.local
                0x000000000023a3a0       0x48 build/cooja/contiki-ng-cooja.a(rpl-mrhof.o)
                0x000000000023a3a0                rpl_mrhof
 .data          0x000000000023a3e8        0x0 /usr/lib/gcc/x86_64-linux-gnu/7/crtendS.o
 .data          0x000000000023a3e8        0x0 /usr/lib/gcc/x86_64-linux-gnu/7/../../../x86_64-linux-gnu/crtn.o

.tm_clone_table
                0x000000000023a3e8        0x0
 .tm_clone_table
                0x000000000023a3e8        0x0 /usr/lib/gcc/x86_64-linux-gnu/7/crtbeginS.o
 .tm_clone_table
                0x000000000023a3e8        0x0 /usr/lib/gcc/x86_64-linux-gnu/7/crtendS.o

.data1
 *(.data1)
                0x000000000023a3e8                _edata = .
                [!provide]                        PROVIDE (edata = .)
                0x000000000023a3e8                . = .
                0x000000000023a3e8                __bss_start = .

.bss            0x000000000023a400    0x18300
 *(.dynbss)
 .dynbss        0x000000000023a400        0x0 /usr/lib/gcc/x86_64-linux-gnu/7/../../../x86_64-linux-gnu/crti.o
 *(.bss .bss.* .gnu.linkonce.b.*)
 .bss           0x000000000023a400        0x0 /usr/lib/gcc/x86_64-linux-gnu/7/../../../x86_64-linux-gnu/crti.o
 .bss           0x000000000023a400        0x1 /usr/lib/gcc/x86_64-linux-gnu/7/crtbeginS.o
 *fill*         0x000000000023a401       0x1f 
 .bss           0x000000000023a420      0xbd0 mqtt-client.o
 *fill*         0x000000000023aff0       0x10 
 .bss           0x000000000023b000     0x4040 build/cooja/mtype102.o
 .bss           0x000000000023f040        0x1 build/cooja/contiki-ng-cooja.a(simEnvChange.o)
                0x000000000023f040                simDontFallAsleep
 *fill*         0x000000000023f041        0x7 
 .bss           0x000000000023f048        0x8 build/cooja/contiki-ng-cooja.a(cooja_mt.o)
 .bss           0x000000000023f050        0x8 build/cooja/contiki-ng-cooja.a(cooja_mtarch.o)
 .bss           0x000000000023f058        0x0 build/cooja/contiki-ng-cooja.a(rtimer-arch.o)
 .bss           0x000000000023f058        0x0 build/cooja/contiki-ng-cooja.a(beep.o)
 .bss           0x000000000023f058        0x1 build/cooja/contiki-ng-cooja.a(leds-arch.o)
                0x000000000023f058                simLedsValue
 .bss           0x000000000023f059        0x0 build/cooja/contiki-ng-cooja.a(moteid.o)
 .bss           0x000000000023f059        0x1 build/cooja/contiki-ng-cooja.a(pir-sensor.o)
                0x000000000023f059                simPirValue
 *fill*         0x000000000023f05a        0x6 
 .bss           0x000000000023f060        0x8 build/cooja/contiki-ng-cooja.a(rs232.o)
 .bss           0x000000000023f068        0x1 build/cooja/contiki-ng-cooja.a(vib-sensor.o)
                0x000000000023f068                simVibValue
 .bss           0x000000000023f069        0x0 build/cooja/contiki-ng-cooja.a(clock.o)
 *fill*         0x000000000023f069        0x3 
 .bss           0x000000000023f06c        0x5 build/cooja/contiki-ng-cooja.a(cooja-log.o)
 *fill*         0x000000000023f071        0xf 
 .bss           0x000000000023f080      0xfc0 build/cooja/contiki-ng-cooja.a(cfs-cooja.o)
                0x000000000023f080                simCFSData
                0x0000000000240020                simCFSSize
                0x0000000000240024                simCFSChanged
                0x0000000000240028                simCFSRead
                0x000000000024002c                simCFSWritten
 .bss           0x0000000000240040       0x2c build/cooja/contiki-ng-cooja.a(cooja-radio.o)
                0x0000000000240040                simReceiving
                0x0000000000240044                simInSize
                0x0000000000240048                simLastPacketTimestamp
                0x0000000000240050                simOutSize
 .bss           0x000000000024006c        0xc build/cooja/contiki-ng-cooja.a(eeprom.o)
                0x000000000024006c                simEEPROMChanged
                0x0000000000240070                simEEPROMRead
                0x0000000000240074                simEEPROMWritten
 .bss           0x0000000000240078        0x0 build/cooja/contiki-ng-cooja.a(random.o)
 .bss           0x0000000000240078        0xc build/cooja/contiki-ng-cooja.a(sensors.o)
 .bss           0x0000000000240084        0x0 build/cooja/contiki-ng-cooja.a(leds.o)
 *fill*         0x0000000000240084       0x1c 
 .bss           0x00000000002400a0       0x40 build/cooja/contiki-ng-cooja.a(gpio-hal-arch.o)
 .bss           0x00000000002400e0        0x0 build/cooja/contiki-ng-cooja.a(buttons.o)
 .bss           0x00000000002400e0       0x21 build/cooja/contiki-ng-cooja.a(mqtt.o)
 .bss           0x0000000000240101        0x0 build/cooja/contiki-ng-cooja.a(contiki-main.o)
 .bss           0x0000000000240101        0x0 build/cooja/contiki-ng-cooja.a(autostart.o)
 *fill*         0x0000000000240101        0x7 
 .bss           0x0000000000240108        0x9 build/cooja/contiki-ng-cooja.a(ctimer.o)
 *fill*         0x0000000000240111        0x3 
 .bss           0x0000000000240114       0x2c build/cooja/contiki-ng-cooja.a(log.o)
                0x0000000000240114                curr_log_level_rpl
                0x0000000000240118                curr_log_level_tcpip
                0x000000000024011c                curr_log_level_ipv6
                0x0000000000240120                curr_log_level_6lowpan
                0x0000000000240124                curr_log_level_nullnet
                0x0000000000240128                curr_log_level_mac
                0x000000000024012c                curr_log_level_framer
                0x0000000000240130                curr_log_level_6top
                0x0000000000240134                curr_log_level_coap
                0x0000000000240138                curr_log_level_snmp
                0x000000000024013c                curr_log_level_lwm2m
 .bss           0x0000000000240140        0x0 build/cooja/contiki-ng-cooja.a(energest.o)
 .bss           0x0000000000240140       0x10 build/cooja/contiki-ng-cooja.a(etimer.o)
 .bss           0x0000000000240150        0x2 build/cooja/contiki-ng-cooja.a(node-id.o)
                0x0000000000240150                node_id
 *fill*         0x0000000000240152        0x6 
 .bss           0x0000000000240158        0x8 build/cooja/contiki-ng-cooja.a(rtimer.o)
 .bss           0x0000000000240160      0x321 build/cooja/contiki-ng-cooja.a(process.o)
                0x0000000000240160                process_list
                0x0000000000240168                process_current
 .bss           0x0000000000240481        0x0 build/cooja/contiki-ng-cooja.a(timer.o)
 .bss           0x0000000000240481        0x0 build/cooja/contiki-ng-cooja.a(list.o)
 *fill*         0x0000000000240481        0xf 
 .bss           0x0000000000240490       0x28 build/cooja/contiki-ng-cooja.a(button-hal.o)
 *fill*         0x00000000002404b8        0x8 
 .bss           0x00000000002404c0      0x140 build/cooja/contiki-ng-cooja.a(serial-line.o)
 .bss           0x0000000000240600        0x8 build/cooja/contiki-ng-cooja.a(gpio-hal.o)
 *fill*         0x0000000000240608       0x18 
 .bss           0x0000000000240620     0x2d80 build/cooja/contiki-ng-cooja.a(queuebuf.o)
 .bss           0x00000000002433a0       0xa0 build/cooja/contiki-ng-cooja.a(packetbuf.o)
 .bss           0x0000000000243440        0x8 build/cooja/contiki-ng-cooja.a(netstack.o)
 .bss           0x0000000000243448        0x0 build/cooja/contiki-ng-cooja.a(linkaddr.o)
 .bss           0x0000000000243448        0x0 build/cooja/contiki-ng-cooja.a(printf.o)