Archive member included to satisfy reference by file (symbol)

build/cooja/contiki-ng-cooja.a(simEnvChange.o)
                              build/cooja/mtype248.o (simDontFallAsleep)
build/cooja/contiki-ng-cooja.a(cooja_mt.o)
                              build/cooja/mtype248.o (cooja_mt_start)
build/cooja/contiki-ng-cooja.a(cooja_mtarch.o)
                              build/cooja/contiki-ng-cooja.a(cooja_mt.o) (cooja_mtarch_start)
build/cooja/contiki-ng-cooja.a(rtimer-arch.o)
                              build/cooja/mtype248.o (rtimer_arch_check)
build/cooja/contiki-ng-cooja.a(beep.o)
                              build/cooja/mtype248.o (beep_interface)
build/cooja/contiki-ng-cooja.a(leds-arch.o)
                              build/cooja/mtype248.o (leds_interface)
build/cooja/contiki-ng-cooja.a(moteid.o)
                              build/cooja/mtype248.o (moteid_interface)
build/cooja/contiki-ng-cooja.a(pir-sensor.o)
                              build/cooja/mtype248.o (pir_interface)
build/cooja/contiki-ng-cooja.a(rs232.o)
                              build/cooja/mtype248.o (rs232_interface)
build/cooja/contiki-ng-cooja.a(vib-sensor.o)
                              build/cooja/mtype248.o (vib_interface)
build/cooja/contiki-ng-cooja.a(clock.o)
                              build/cooja/mtype248.o (clock_interface)
build/cooja/contiki-ng-cooja.a(cooja-log.o)
                              build/cooja/mtype248.o (simlog_interface)
build/cooja/contiki-ng-cooja.a(cfs-cooja.o)
                              build/cooja/mtype248.o (cfs_interface)
build/cooja/contiki-ng-cooja.a(cooja-radio.o)
                              build/cooja/mtype248.o (radio_interface)
build/cooja/contiki-ng-cooja.a(eeprom.o)
                              build/cooja/mtype248.o (eeprom_interface)
build/cooja/contiki-ng-cooja.a(random.o)
                              build/cooja/contiki-ng-cooja.a(moteid.o) (random_init)
build/cooja/contiki-ng-cooja.a(sensors.o)
                              build/cooja/contiki-ng-cooja.a(pir-sensor.o) (sensors_changed)
build/cooja/contiki-ng-cooja.a(leds.o)
                              build/cooja/contiki-ng-cooja.a(leds-arch.o) (leds_get)
build/cooja/contiki-ng-cooja.a(gpio-hal-arch.o)
                              build/cooja/contiki-ng-cooja.a(leds-arch.o) (gpio_hal_arch_register_pin_callback)
build/cooja/contiki-ng-cooja.a(buttons.o)
                              build/cooja/mtype248.o (button_interface)
build/cooja/contiki-ng-cooja.a(webserver.o)
                              border-router.o (webserver_nogui_process)
build/cooja/contiki-ng-cooja.a(contiki-main.o)
                              build/cooja/mtype248.o (main)
build/cooja/contiki-ng-cooja.a(autostart.o)
                              build/cooja/contiki-ng-cooja.a(contiki-main.o) (autostart_start)
build/cooja/contiki-ng-cooja.a(ctimer.o)
                              build/cooja/contiki-ng-cooja.a(contiki-main.o) (ctimer_init)
build/cooja/contiki-ng-cooja.a(log.o)
                              build/cooja/contiki-ng-cooja.a(contiki-main.o) (curr_log_level_main)
build/cooja/contiki-ng-cooja.a(energest.o)
                              build/cooja/contiki-ng-cooja.a(contiki-main.o) (energest_init)
build/cooja/contiki-ng-cooja.a(etimer.o)
                              build/cooja/contiki-ng-cooja.a(contiki-main.o) (etimer_process)
build/cooja/contiki-ng-cooja.a(node-id.o)
                              build/cooja/contiki-ng-cooja.a(contiki-main.o) (node_id)
build/cooja/contiki-ng-cooja.a(rtimer.o)
                              build/cooja/contiki-ng-cooja.a(contiki-main.o) (rtimer_init)
build/cooja/contiki-ng-cooja.a(process.o)
                              build/cooja/contiki-ng-cooja.a(ctimer.o) (process_current)
build/cooja/contiki-ng-cooja.a(timer.o)
                              build/cooja/contiki-ng-cooja.a(etimer.o) (timer_set)
build/cooja/contiki-ng-cooja.a(list.o)
                              build/cooja/contiki-ng-cooja.a(ctimer.o) (list_init)
build/cooja/contiki-ng-cooja.a(button-hal.o)
                              build/cooja/mtype248.o (button_hal_init)
build/cooja/contiki-ng-cooja.a(serial-line.o)
                              build/cooja/contiki-ng-cooja.a(rs232.o) (serial_line_input_byte)
build/cooja/contiki-ng-cooja.a(gpio-hal.o)
                              build/cooja/contiki-ng-cooja.a(button-hal.o) (gpio_hal_register_handler)
build/cooja/contiki-ng-cooja.a(queuebuf.o)
                              build/cooja/contiki-ng-cooja.a(contiki-main.o) (queuebuf_init)
build/cooja/contiki-ng-cooja.a(packetbuf.o)
                              build/cooja/contiki-ng-cooja.a(cooja-radio.o) (packetbuf_clear)
build/cooja/contiki-ng-cooja.a(netstack.o)
                              build/cooja/contiki-ng-cooja.a(contiki-main.o) (netstack_init)
build/cooja/contiki-ng-cooja.a(linkaddr.o)
                              build/cooja/contiki-ng-cooja.a(contiki-main.o) (linkaddr_node_addr)
build/cooja/contiki-ng-cooja.a(printf.o)
[...]
Memory Configuration

Name             Origin             Length             Attributes
*default*        0x0000000000000000 0xffffffffffffffff

Linker script and memory map

LOAD /usr/lib/gcc/x86_64-linux-gnu/7/../../../x86_64-linux-gnu/crti.o
LOAD /usr/lib/gcc/x86_64-linux-gnu/7/crtbeginS.o
LOAD border-router.o
LOAD build/cooja/mtype248.o
LOAD build/cooja/contiki-ng-cooja.a
LOAD /usr/lib/gcc/x86_64-linux-gnu/7/libgcc.a
LOAD /usr/lib/gcc/x86_64-linux-gnu/7/libgcc_s.so
START GROUP
LOAD /usr/lib/gcc/x86_64-linux-gnu/7/libgcc_s.so.1
LOAD /usr/lib/gcc/x86_64-linux-gnu/7/libgcc.a
END GROUP
LOAD /usr/lib/gcc/x86_64-linux-gnu/7/../../../x86_64-linux-gnu/libc.so
START GROUP
LOAD /lib/x86_64-linux-gnu/libc.so.6
LOAD /usr/lib/x86_64-linux-gnu/libc_nonshared.a
LOAD /lib/x86_64-linux-gnu/ld-linux-x86-64.so.2
END GROUP
LOAD /usr/lib/gcc/x86_64-linux-gnu/7/libgcc.a
LOAD /usr/lib/gcc/x86_64-linux-gnu/7/libgcc_s.so
START GROUP
LOAD /usr/lib/gcc/x86_64-linux-gnu/7/libgcc_s.so.1
LOAD /usr/lib/gcc/x86_64-linux-gnu/7/libgcc.a
END GROUP
LOAD /usr/lib/gcc/x86_64-linux-gnu/7/crtendS.o
LOAD /usr/lib/gcc/x86_64-linux-gnu/7/../../../x86_64-linux-gnu/crtn.o
                0x00000000000001c8                . = (SEGMENT_START ("text-segment", 0x0) + SIZEOF_HEADERS)

.note.gnu.build-id
                0x00000000000001c8       0x24
 *(.note.gnu.build-id)
 .note.gnu.build-id
                0x00000000000001c8       0x24 /usr/lib/gcc/x86_64-linux-gnu/7/../../../x86_64-linux-gnu/crti.o

.hash
 *(.hash)

.gnu.hash       0x00000000000001f0     0x14e0
 *(.gnu.hash)
 .gnu.hash      0x00000000000001f0     0x14e0 /usr/lib/gcc/x86_64-linux-gnu/7/../../../x86_64-linux-gnu/crti.o

.dynsym         0x00000000000016d0     0x4188
 *(.dynsym)
 .dynsym        0x00000000000016d0     0x4188 /usr/lib/gcc/x86_64-linux-gnu/7/../../../x86_64-linux-gnu/crti.o

.dynstr         0x0000000000005858     0x30fb
 *(.dynstr)
 .dynstr        0x0000000000005858     0x30fb /usr/lib/gcc/x86_64-linux-gnu/7/../../../x86_64-linux-gnu/crti.o

.gnu.version    0x0000000000008954      0x576
 *(.gnu.version)
 .gnu.version   0x0000000000008954      0x576 /usr/lib/gcc/x86_64-linux-gnu/7/../../../x86_64-linux-gnu/crti.o

.gnu.version_d  0x0000000000008ed0        0x0
 *(.gnu.version_d)
 .gnu.version_d
                0x0000000000008ed0        0x0 /usr/lib/gcc/x86_64-linux-gnu/7/../../../x86_64-linux-gnu/crti.o

.gnu.version_r  0x0000000000008ed0       0x40
 *(.gnu.version_r)
 .gnu.version_r
                0x0000000000008ed0       0x40 /usr/lib/gcc/x86_64-linux-gnu/7/../../../x86_64-linux-gnu/crti.o

.rela.dyn       0x0000000000008f10     0x2010
 *(.rela.init)
 *(.rela.text .rela.text.* .rela.gnu.linkonce.t.*)
 .rela.text     0x0000000000008f10        0x0 /usr/lib/gcc/x86_64-linux-gnu/7/../../../x86_64-linux-gnu/crti.o
 *(.rela.fini)
 *(.rela.rodata .rela.rodata.* .rela.gnu.linkonce.r.*)
 *(.rela.data .rela.data.* .rela.gnu.linkonce.d.*)
 .rela.data.rel.local
                0x0000000000008f10      0x780 /usr/lib/gcc/x86_64-linux-gnu/7/../../../x86_64-linux-gnu/crti.o
 .rela.data.rel.ro
                0x0000000000009690      0x288 /usr/lib/gcc/x86_64-linux-gnu/7/../../../x86_64-linux-gnu/crti.o
 .rela.data.rel
                0x0000000000009918      0x3a8 /usr/lib/gcc/x86_64-linux-gnu/7/../../../x86_64-linux-gnu/crti.o
 .rela.data.rel.ro.local
                0x0000000000009cc0      0x5d0 /usr/lib/gcc/x86_64-linux-gnu/7/../../../x86_64-linux-gnu/crti.o
 *(.rela.tdata .rela.tdata.* .rela.gnu.linkonce.td.*)
 *(.rela.tbss .rela.tbss.* .rela.gnu.linkonce.tb.*)
 *(.rela.ctors)
 *(.rela.dtors)
 *(.rela.got)
 .rela.got      0x000000000000a290      0xc60 /usr/lib/gcc/x86_64-linux-gnu/7/../../../x86_64-linux-gnu/crti.o
 *(.rela.bss .rela.bss.* .rela.gnu.linkonce.b.*)
 *(.rela.ldata .rela.ldata.* .rela.gnu.linkonce.l.*)
 *(.rela.lbss .rela.lbss.* .rela.gnu.linkonce.lb.*)
 *(.rela.lrodata .rela.lrodata.* .rela.gnu.linkonce.lr.*)
 *(.rela.ifunc)
 .rela.ifunc    0x000000000000aef0        0x0 /usr/lib/gcc/x86_64-linux-gnu/7/../../../x86_64-linux-gnu/crti.o
 .rela.fini_array
                0x000000000000aef0       0x18 /usr/lib/gcc/x86_64-linux-gnu/7/../../../x86_64-linux-gnu/crti.o
 .rela.init_array
                0x000000000000af08       0x18 /usr/lib/gcc/x86_64-linux-gnu/7/../../../x86_64-linux-gnu/crti.o

.rela.plt       0x000000000000af20     0x22c8
 *(.rela.plt)
 .rela.plt      0x000000000000af20     0x22c8 /usr/lib/gcc/x86_64-linux-gnu/7/../../../x86_64-linux-gnu/crti.o
 *(.rela.iplt)

.init           0x000000000000d1e8       0x17
 *(SORT_NONE(.init))
 .init          0x000000000000d1e8       0x12 /usr/lib/gcc/x86_64-linux-gnu/7/../../../x86_64-linux-gnu/crti.o
                0x000000000000d1e8                _init
 .init          0x000000000000d1fa        0x5 /usr/lib/gcc/x86_64-linux-gnu/7/../../../x86_64-linux-gnu/crtn.o

.plt            0x000000000000d200     0x1740
 *(.plt)
 .plt           0x000000000000d200     0x1740 /usr/lib/gcc/x86_64-linux-gnu/7/../../../x86_64-linux-gnu/crti.o
 *(.iplt)

.plt.got        0x000000000000e940       0x18
 *(.plt.got)
 .plt.got       0x000000000000e940       0x18 /usr/lib/gcc/x86_64-linux-gnu/7/../../../x86_64-linux-gnu/crti.o

.plt.sec
 *(.plt.sec)

.text           0x000000000000e960    0x1dd4d
 *(.text.unlikely .text.*_unlikely .text.unlikely.*)
 *(.text.exit .text.exit.*)
 *(.text.startup .text.startup.*)
 *(.text.hot .text.hot.*)
 *(.text .stub .text.* .gnu.linkonce.t.*)
 .text          0x000000000000e960        0x0 /usr/lib/gcc/x86_64-linux-gnu/7/../../../x86_64-linux-gnu/crti.o
 .text          0x000000000000e960       0xda /usr/lib/gcc/x86_64-linux-gnu/7/crtbeginS.o
 .text          0x000000000000ea3a       0x7a border-router.o
 .text          0x000000000000eab4      0x32f build/cooja/mtype248.o
                0x000000000000eb62                platform_init_stage_one
                0x000000000000eb73                platform_init_stage_two
                0x000000000000eb84                platform_init_stage_three
                0x000000000000eb95                platform_main_loop
                0x000000000000ec2b                JNI_OnLoad
                0x000000000000ec3e                Java_org_contikios_cooja_corecomm_Lib12_init
                0x000000000000ec81                Java_org_contikios_cooja_corecomm_Lib12_getMemory
                0x000000000000ecd8                Java_org_contikios_cooja_corecomm_Lib12_setMemory
                0x000000000000ed2f                Java_org_contikios_cooja_corecomm_Lib12_tick
                0x000000000000edb8                Java_org_contikios_cooja_corecomm_Lib12_setReferenceAddress
 .text          0x000000000000ede3       0x89 build/cooja/contiki-ng-cooja.a(simEnvChange.o)
                0x000000000000ede3                doActionsBeforeTick
                0x000000000000ee27                doActionsAfterTick
 .text          0x000000000000ee6c       0x9f build/cooja/contiki-ng-cooja.a(cooja_mt.o)
                0x000000000000ee6c                cooja_mt_start
                0x000000000000eea8                cooja_mt_exec
                0x000000000000eee7                cooja_mt_yield
 .text          0x000000000000ef0b       0xfe build/cooja/contiki-ng-cooja.a(cooja_mtarch.o)
                0x000000000000ef0b                cooja_mtarch_start
                0x000000000000efaa                cooja_sw
                0x000000000000efd3                cooja_mtarch_exec
                0x000000000000effd                cooja_mtarch_yield
 .text          0x000000000000f009       0xb4 build/cooja/contiki-ng-cooja.a(rtimer-arch.o)
                0x000000000000f009                rtimer_arch_init
                0x000000000000f02b                rtimer_arch_schedule
                0x000000000000f051                rtimer_arch_next
                0x000000000000f061                rtimer_arch_pending
                0x000000000000f070                rtimer_arch_check
                0x000000000000f0ad                rtimer_arch_now
 .text          0x000000000000f0bd       0xba build/cooja/contiki-ng-cooja.a(beep.o)
                0x000000000000f0bd                beep_alarm
                0x000000000000f0d4                beep_beep
                0x000000000000f0e8                beep
                0x000000000000f0f9                beep_down
                0x000000000000f10d                beep_on
                0x000000000000f11e                beep_off
                0x000000000000f12f                beep_spinup
                0x000000000000f140                beep_quick
                0x000000000000f154                beep_long
 .text          0x000000000000f177       0x69 build/cooja/contiki-ng-cooja.a(leds-arch.o)
                0x000000000000f18e                leds_arch_init
 .text          0x000000000000f1e0       0x39 build/cooja/contiki-ng-cooja.a(moteid.o)
 .text          0x000000000000f219       0xe5 build/cooja/contiki-ng-cooja.a(pir-sensor.o)
 .text          0x000000000000f2fe      0x169 build/cooja/contiki-ng-cooja.a(rs232.o)
                0x000000000000f2fe                rs232_init
                0x000000000000f305                rs232_set_speed
                0x000000000000f311                rs232_set_input
                0x000000000000f327                rs232_send
                0x000000000000f342                rs232_print
                0x000000000000f369                slip_arch_writeb
 .text          0x000000000000f467       0xe5 build/cooja/contiki-ng-cooja.a(vib-sensor.o)
 .text          0x000000000000f54c       0x57 build/cooja/contiki-ng-cooja.a(clock.o)
                0x000000000000f54c                clock_init
                0x000000000000f553                clock_time
                0x000000000000f563                clock_seconds
                0x000000000000f58b                clock_delay
 .text          0x000000000000f5a3      0x1f6 build/cooja/contiki-ng-cooja.a(cooja-log.o)
                0x000000000000f5a3                simlog_char
                0x000000000000f5fc                simlog
                0x000000000000f67c                log_message
                0x000000000000f6b5                log_set_putchar_with_slip
                0x000000000000f6c8                dbg_putchar
                0x000000000000f745                dbg_send_bytes
 .text          0x000000000000f799      0x36e build/cooja/contiki-ng-cooja.a(cfs-cooja.o)
                0x000000000000f799                cfs_open
                0x000000000000f812                cfs_close
                0x000000000000f823                cfs_read
                0x000000000000f8e7                cfs_write
                0x000000000000f9f1                cfs_seek
                0x000000000000fa9c                cfs_remove
                0x000000000000fac8                cfs_opendir
                0x000000000000fadb                cfs_readdir
                0x000000000000faee                cfs_closedir
 .text          0x000000000000fb07      0x730 build/cooja/contiki-ng-cooja.a(cooja-radio.o)
                0x000000000000fb56                radio_set_channel
                0x000000000000fb6c                radio_set_txpower
                0x000000000000fb85                radio_signal_strength_last
                0x000000000000fb94                radio_signal_strength_current
                0x000000000000fba3                radio_LQI
 .text          0x0000000000010237      0x151 build/cooja/contiki-ng-cooja.a(eeprom.o)
                0x0000000000010237                eeprom_init
                0x0000000000010242                eeprom_read
                0x00000000000102de                eeprom_write
 .text          0x0000000000010388       0x27 build/cooja/contiki-ng-cooja.a(random.o)
                0x0000000000010388                random_init
                0x00000000000103a4                random_rand
 .text          0x00000000000103af      0x33f build/cooja/contiki-ng-cooja.a(sensors.o)
                0x00000000000103f4                sensors_first
                0x0000000000010404                sensors_next
                0x000000000001042f                sensors_changed
                0x0000000000010478                sensors_find
 .text          0x00000000000106ee      0x386 build/cooja/contiki-ng-cooja.a(leds.o)
                0x00000000000106ee                leds_init
                0x0000000000010735                leds_single_on
                0x000000000001079e                leds_single_off
                0x0000000000010807                leds_single_toggle
                0x000000000001083b                leds_on
                0x00000000000108c7                leds_off
                0x0000000000010953                leds_toggle
                0x00000000000109aa                leds_set
                0x00000000000109cf                leds_get
 .text          0x0000000000010a74      0x3ce build/cooja/contiki-ng-cooja.a(gpio-hal-arch.o)
                0x0000000000010a74                gpio_hal_arch_register_pin_callback
                0x0000000000010b14                gpio_hal_arch_init
                0x0000000000010b5d                gpio_hal_arch_no_port_interrupt_enable
                0x0000000000010ba6                gpio_hal_arch_no_port_interrupt_disable
                0x0000000000010bef                gpio_hal_arch_no_port_pin_cfg_set
                0x0000000000010c21                gpio_hal_arch_no_port_pin_cfg_get
                0x0000000000010c51                gpio_hal_arch_no_port_pin_set_input
                0x0000000000010c60                gpio_hal_arch_no_port_pin_set_output
                0x0000000000010c6f                gpio_hal_arch_no_port_set_pin
                0x0000000000010c8f                gpio_hal_arch_no_port_clear_pin
                0x0000000000010caf                gpio_hal_arch_no_port_read_pin
                0x0000000000010cd9                gpio_hal_arch_no_port_write_pin
                0x0000000000010cff                gpio_hal_arch_no_port_set_pins
                0x0000000000010d49                gpio_hal_arch_no_port_clear_pins
                0x0000000000010d93                gpio_hal_arch_no_port_read_pins
                0x0000000000010dde                gpio_hal_arch_no_port_write_pins
 .text          0x0000000000010e42       0x94 build/cooja/contiki-ng-cooja.a(buttons.o)
 .text          0x0000000000010ed6      0x908 build/cooja/contiki-ng-cooja.a(webserver.o)
                0x00000000000117cd                httpd_simple_get_script
 .text          0x00000000000117de      0x395 build/cooja/contiki-ng-cooja.a(contiki-main.o)
                0x00000000000117de                main
 .text          0x0000000000011b73       0xb3 build/cooja/contiki-ng-cooja.a(autostart.o)
                0x0000000000011b73                autostart_start
                0x0000000000011bcf                autostart_exit
 .text          0x0000000000011c26      0x421 build/cooja/contiki-ng-cooja.a(ctimer.o)
                0x0000000000011d84                ctimer_init
                0x0000000000011db5                ctimer_set
                0x0000000000011df5                ctimer_set_with_process
                0x0000000000011eab                ctimer_reset
                0x0000000000011f18                ctimer_restart
                0x0000000000011f85                ctimer_stop
                0x0000000000011fdf                ctimer_expired
 .text          0x0000000000012047      0x4fa build/cooja/contiki-ng-cooja.a(log.o)
                0x0000000000012047                log_6addr
                0x00000000000120a6                log_6addr_compact_snprint
                0x000000000001217d                log_6addr_compact
                0x00000000000121dc                log_lladdr
                0x0000000000012252                log_lladdr_compact
                0x00000000000122c9                log_bytes
                0x0000000000012321                log_set_level
                0x0000000000012427                log_get_level
                0x00000000000124da                log_level_to_str
 .text          0x0000000000012541       0x19 build/cooja/contiki-ng-cooja.a(energest.o)
                0x0000000000012541                energest_init
                0x0000000000012548                energest_flush
                0x000000000001254f                energest_get_total_time
 .text          0x000000000001255a      0x540 build/cooja/contiki-ng-cooja.a(etimer.o)
                0x00000000000127fa                etimer_request_poll
                0x00000000000128a4                etimer_set
                0x00000000000128d6                etimer_reset_with_new_interval
                0x000000000001290d                etimer_reset
                0x0000000000012934                etimer_restart
                0x000000000001295b                etimer_adjust
                0x0000000000012988                etimer_expired
                0x00000000000129a3                etimer_expiration_time
                0x00000000000129bf                etimer_start_time
                0x00000000000129d0                etimer_pending
                0x00000000000129e6                etimer_next_expiration_time
                0x0000000000012a03                etimer_stop
 .text          0x0000000000012a9a       0x32 build/cooja/contiki-ng-cooja.a(node-id.o)
                0x0000000000012a9a                node_id_init
 .text          0x0000000000012acc       0xf6 build/cooja/contiki-ng-cooja.a(rtimer.o)
                0x0000000000012acc                rtimer_init
                0x0000000000012ad8                rtimer_set
                0x0000000000012b55                rtimer_run_next
 .text          0x0000000000012bc2      0x641 build/cooja/contiki-ng-cooja.a(process.o)
                0x0000000000012bc2                process_alloc_event
                0x0000000000012bd8                process_start
                0x0000000000012e3d                process_exit
                0x0000000000012e65                process_init
                0x0000000000013055                process_run
                0x0000000000013086                process_nevents
                0x00000000000130a2                process_post
                0x0000000000013166                process_post_synch
                0x00000000000131b0                process_poll
                0x00000000000131e9                process_is_running
 .text          0x0000000000013203       0xf3 build/cooja/contiki-ng-cooja.a(timer.o)
                0x0000000000013203                timer_set
                0x0000000000013231                timer_reset
                0x0000000000013269                timer_restart
                0x0000000000013287                timer_expired
                0x00000000000132c4                timer_remaining
 .text          0x00000000000132f6      0x367 build/cooja/contiki-ng-cooja.a(list.o)
                0x00000000000132f6                list_init
                0x000000000001330c                list_head
                0x000000000001331d                list_copy
                0x000000000001333a                list_tail
                0x000000000001337f                list_add
                0x00000000000133df                list_push
                0x000000000001341e                list_chop
                0x00000000000134a7                list_pop
                0x00000000000134dd                list_remove
                0x0000000000013565                list_length
                0x000000000001359c                list_insert
                0x00000000000135fb                list_item_next
                0x000000000001361a                list_contains
 .text          0x000000000001365d      0x54c build/cooja/contiki-ng-cooja.a(button-hal.o)
                0x0000000000013812                button_hal_get_by_id
                0x000000000001385c                button_hal_get_by_index
                0x000000000001388f                button_hal_get_state
                0x00000000000138ee                button_hal_init
 .text          0x0000000000013ba9      0x217 build/cooja/contiki-ng-cooja.a(serial-line.o)
                0x0000000000013ba9                serial_line_input_byte
                0x0000000000013d8d                serial_line_init
 .text          0x0000000000013dc0      0x164 build/cooja/contiki-ng-cooja.a(gpio-hal.o)
                0x0000000000013dc0                gpio_hal_register_handler
                0x0000000000013de5                gpio_hal_event_handler
                0x0000000000013e4b                gpio_hal_init
                0x0000000000013e66                gpio_hal_arch_port_toggle_pin
                0x0000000000013e99                gpio_hal_arch_port_toggle_pins
                0x0000000000013ec6                gpio_hal_arch_no_port_toggle_pin
                0x0000000000013efc                gpio_hal_arch_no_port_toggle_pins
 .text          0x0000000000013f24      0x330 build/cooja/contiki-ng-cooja.a(queuebuf.o)
                0x0000000000013f35                queuebuf_init
                0x0000000000013f54                queuebuf_numfree
                0x0000000000013f66                queuebuf_new_from_packetbuf
                0x000000000001400f                queuebuf_update_attr_from_packetbuf
                0x000000000001404e                queuebuf_update_from_packetbuf
                0x00000000000140a6                queuebuf_free
                0x00000000000140f5                queuebuf_to_packetbuf
                0x0000000000014167                queuebuf_dataptr
                0x00000000000141a7                queuebuf_datalen
                0x00000000000141d3                queuebuf_addr
                0x0000000000014216                queuebuf_attr
                0x000000000001424d                queuebuf_debug_print
 .text          0x0000000000014254      0x458 build/cooja/contiki-ng-cooja.a(packetbuf.o)
                0x0000000000014254                packetbuf_clear
                0x000000000001427e                packetbuf_copyfrom
                0x00000000000142d4                packetbuf_copyto
                0x0000000000014377                packetbuf_hdralloc
                0x0000000000014402                packetbuf_hdrreduce
                0x000000000001444e                packetbuf_set_datalen
                0x0000000000014466                packetbuf_dataptr
                0x0000000000014488                packetbuf_hdrptr
                0x0000000000014495                packetbuf_datalen
                0x00000000000144a2                packetbuf_hdrlen
                0x00000000000144ba                packetbuf_totlen
                0x00000000000144d9                packetbuf_remaininglen
                0x00000000000144ed                packetbuf_attr_clear
                0x000000000001454d                packetbuf_attr_copyto
                0x0000000000014594                packetbuf_attr_copyfrom
                0x00000000000145db                packetbuf_set_attr
                0x0000000000014607                packetbuf_attr
                0x0000000000014624                packetbuf_set_addr
                0x0000000000014666                packetbuf_addr
                0x000000000001468c                packetbuf_holds_broadcast
 .text          0x00000000000146ac      0x11b build/cooja/contiki-ng-cooja.a(netstack.o)
                0x00000000000146ac                netstack_process_ip_callback
                0x0000000000014749                netstack_ip_packet_processor_add
                0x0000000000014775                uip_ds6_ip_packet_processor_rm
                0x000000000001479a                netstack_init
 .text          0x00000000000147c7       0x74 build/cooja/contiki-ng-cooja.a(linkaddr.o)
                0x00000000000147c7                linkaddr_copy
                0x00000000000147e4                linkaddr_cmp
                0x0000000000014816                linkaddr_set_node_addr
 .text          0x000000000001483b      0x10b build/cooja/contiki-ng-cooja.a(printf.o)
                0x000000000001486c                log_printf
 .text          0x0000000000014946      0x1e9 build/cooja/contiki-ng-cooja.a(snprintf.o)
                0x00000000000149ca                log_snprintf
                0x0000000000014aab                log_vsnprintf
 .text          0x0000000000014b2f       0x39 build/cooja/contiki-ng-cooja.a(puts.o)
                0x0000000000014b2f                log_puts
 .text          0x0000000000014b68       0x1a build/cooja/contiki-ng-cooja.a(putchar.o)
                0x0000000000014b68                log_putchar
 .text          0x0000000000014b82      0x27f build/cooja/contiki-ng-cooja.a(csma.o)
 .text          0x0000000000014e01      0xa73 build/cooja/contiki-ng-cooja.a(csma-output.o)
                0x0000000000015590                csma_output_packet
                0x0000000000015849                csma_output_init
 .text          0x0000000000015874      0x7ad build/cooja/contiki-ng-cooja.a(uip-sr.o)
                0x0000000000015874                uip_sr_num_nodes
                0x0000000000015917                uip_sr_get_node
                0x000000000001597b                uip_sr_is_addr_reachable
                0x0000000000015a3f                uip_sr_expire_parent
                0x0000000000015aaa                uip_sr_update_node
                0x0000000000015c17                uip_sr_init
                0x0000000000015c43                uip_sr_node_head
                0x0000000000015c58                uip_sr_node_next
                0x0000000000015c72                uip_sr_periodic
                0x0000000000015da7                uip_sr_free_all
                0x0000000000015e1e                uip_sr_link_snprint
 .text          0x0000000000016021      0xe33 build/cooja/contiki-ng-cooja.a(uip-ds6.o)
                0x0000000000016021                uip_ds6_default_prefix
                0x000000000001602e                uip_ds6_set_default_prefix
                0x0000000000016052                uip_ds6_init
                0x00000000000162e0                uip_ds6_periodic
                0x000000000001637e                uip_ds6_list_loop
                0x0000000000016463                uip_ds6_prefix_add
                0x0000000000016530                uip_ds6_prefix_rm
                0x000000000001654a                uip_ds6_prefix_lookup
                0x000000000001659d                uip_ds6_is_addr_onlink
                0x000000000001662d                uip_ds6_addr_add
                0x000000000001676e                uip_ds6_addr_rm
                0x0000000000016822                uip_ds6_addr_lookup
                0x0000000000016870                uip_ds6_get_link_local
                0x0000000000016911                uip_ds6_get_global
                0x00000000000169b2                uip_ds6_maddr_add
                0x0000000000016a27                uip_ds6_maddr_rm
                0x0000000000016a41                uip_ds6_maddr_lookup
                0x0000000000016a92                uip_ds6_aaddr_add
                0x0000000000016b07                uip_ds6_aaddr_rm
                0x0000000000016b21                uip_ds6_aaddr_lookup
                0x0000000000016b72                uip_ds6_select_src
                0x0000000000016cf8                uip_ds6_set_addr_iid
                0x0000000000016d2d                uip_ds6_set_lladdr_from_iid
                0x0000000000016d60                get_match_length
                0x0000000000016e0a                uip_ds6_compute_reachable_time
 .text          0x0000000000016e54      0x3a4 build/cooja/contiki-ng-cooja.a(uip-ds6-route.o)
                0x0000000000016ea4                uip_ds6_route_init
                0x0000000000016ec6                uip_ds6_route_count_nexthop_neighbors
                0x0000000000016ed1                uip_ds6_route_nexthop
                0x0000000000016ee0                uip_ds6_route_head
                0x0000000000016eeb                uip_ds6_route_next
                0x0000000000016efa                uip_ds6_route_is_nexthop
                0x0000000000016f09                uip_ds6_route_num_routes
                0x0000000000016f14                uip_ds6_route_lookup
                0x0000000000016f23                uip_ds6_route_add
                0x0000000000016f3b                uip_ds6_route_rm
                0x0000000000016f46                uip_ds6_route_rm_by_nexthop
                0x0000000000016f51                uip_ds6_defrt_head
                0x0000000000016f66                uip_ds6_defrt_add
                0x000000000001701f                uip_ds6_defrt_rm
                0x000000000001708e                uip_ds6_defrt_lookup
                0x0000000000017101                uip_ds6_defrt_choose
                0x0000000000017180                uip_ds6_defrt_periodic
 .text          0x00000000000171f8      0x95e build/cooja/contiki-ng-cooja.a(psock.o)
                0x000000000001760b                psock_send
                0x00000000000176bf                psock_generator_send
                0x000000000001781f                psock_datalen
                0x000000000001783e                psock_newdata
                0x0000000000017897                psock_readto
                0x00000000000179b3                psock_readbuf_len
                0x0000000000017ae8                psock_init
 .text          0x0000000000017b56      0xc69 build/cooja/contiki-ng-cooja.a(tcpip.o)
                0x0000000000017b82                tcpip_output
                0x0000000000017c6e                tcp_connect
                0x0000000000017cd1                tcp_unlisten
                0x0000000000017d3c                tcp_listen
                0x0000000000017da3                tcp_attach
                0x0000000000017dcd                udp_attach
                0x0000000000017df7                udp_new
                0x0000000000017e4e                udp_broadcast_new
                0x000000000001813b                tcpip_input
                0x000000000001834b                tcpip_ipv6_output
                0x00000000000185a1                tcpip_poll_udp
                0x00000000000185cb                tcpip_poll_tcp
                0x00000000000185f5                tcpip_uipcall
 .text          0x00000000000187bf     0x387b build/cooja/contiki-ng-cooja.a(uip6.o)
                0x00000000000187bf                uip_add32
                0x00000000000189c1                uip_chksum
                0x0000000000018aa3                uip_icmp6chksum
                0x0000000000018ab3                uip_tcpchksum
                0x0000000000018ac3                uip_udpchksum
                0x0000000000018ad3                uip_init
                0x0000000000018b93                uip_connect
                0x0000000000018d39                uip_remove_ext_hdr
                0x0000000000018e36                uip_udp_new
                0x0000000000018f9f                uip_unlisten
                0x0000000000018fea                uip_listen
                0x00000000000192e9                uip_process
                0x000000000001bec9                uip_htons
                0x000000000001bee8                uip_htonl
                0x000000000001bf2c                uip_send
 .text          0x000000000001c03a      0x3e1 build/cooja/contiki-ng-cooja.a(uip-ds6-nbr.o)
                0x000000000001c03a                uip_ds6_neighbors_init
                0x000000000001c05f                uip_ds6_nbr_add
                0x000000000001c0f9                uip_ds6_nbr_rm
                0x000000000001c152                uip_ds6_nbr_update_ll
                0x000000000001c256                uip_ds6_nbr_get_ipaddr
                0x000000000001c272                uip_ds6_nbr_get_ll
                0x000000000001c296                uip_ds6_nbr_num
                0x000000000001c2e4                uip_ds6_nbr_head
                0x000000000001c2f9                uip_ds6_nbr_next
                0x000000000001c31d                uip_ds6_nbr_lookup
                0x000000000001c382                uip_ds6_nbr_ll_lookup
                0x000000000001c3a6                uip_ds6_nbr_ipaddr_from_lladdr
                0x000000000001c3d6                uip_ds6_nbr_lladdr_from_ipaddr
                0x000000000001c40e                uip_ds6_link_callback
 .text          0x000000000001c41b      0x86a build/cooja/contiki-ng-cooja.a(uip-nd6.o)
                0x000000000001cc72                uip_nd6_init
 .text          0x000000000001cc85     0x3765 build/cooja/contiki-ng-cooja.a(sicslowpan.o)
                0x000000000001d451                netstack_sniffer_add
                0x000000000001d467                netstack_sniffer_remove
                0x00000000000203bb                sicslowpan_init
                0x00000000000203de                sicslowpan_get_last_rssi
 .text          0x00000000000203ea      0x571 build/cooja/contiki-ng-cooja.a(uiplib.o)
                0x00000000000203ea                uiplib_ip6addrconv
                0x00000000000205cc                uiplib_ip4addrconv
                0x000000000002069a                uiplib_ipaddr_print
                0x00000000000206f9                uiplib_ipaddr_snprint
 .text          0x000000000002095b      0x629 build/cooja/contiki-ng-cooja.a(rpl.o)
                0x000000000002095b                rpl_lollipop_greater_than
                0x00000000000209bb                rpl_get_global_address
                0x0000000000020b57                rpl_link_callback
                0x0000000000020bbd                rpl_has_joined
                0x0000000000020bec                rpl_is_reachable
                0x0000000000020c8a                rpl_reset_prefix
                0x0000000000020cfd                rpl_set_prefix_from_addr
                0x0000000000020e0b                rpl_set_prefix
                0x0000000000020f61                rpl_set_leaf_only
                0x0000000000020f77                rpl_get_leaf_only
 .text          0x0000000000020f84     0x1696 build/cooja/contiki-ng-cooja.a(rpl-icmp6.o)
                0x0000000000021108                rpl_icmp6_update_nbr_table
                0x00000000000211b5                rpl_icmp6_dis_output
                0x00000000000218c4                rpl_icmp6_dio_output
                0x00000000000221e9                rpl_icmp6_dao_output
                0x0000000000022551                rpl_icmp6_dao_ack_output
                0x00000000000225e3                rpl_icmp6_init
 .text          0x000000000002261a      0x33f build/cooja/contiki-ng-cooja.a(rpl-dag-root.o)
                0x000000000002261a                rpl_dag_root_print_links
                0x0000000000022780                rpl_dag_root_set_prefix
                0x00000000000227b8                rpl_dag_root_start
                0x000000000002291d                rpl_dag_root_is_root
 .text          0x0000000000022959      0x247 build/cooja/contiki-ng-cooja.a(slip-bridge.o)
                0x0000000000022959                request_prefix
 .text          0x0000000000022ba0       0x35 build/cooja/contiki-ng-cooja.a(watchdog.o)
                0x0000000000022ba0                watchdog_init
                0x0000000000022ba7                watchdog_start
                0x0000000000022bae                watchdog_periodic
                0x0000000000022bc7                watchdog_stop
                0x0000000000022bce                watchdog_reboot
 .text          0x0000000000022bd5       0x51 build/cooja/contiki-ng-cooja.a(int-master.o)
                0x0000000000022bd5                int_master_enable
                0x0000000000022be6                int_master_read_and_disable
                0x0000000000022c02                int_master_status_set
                0x0000000000022c15                int_master_is_enabled
 .text          0x0000000000022c26       0x16 build/cooja/contiki-ng-cooja.a(slip-arch.o)
                0x0000000000022c26                slip_arch_init
 .text          0x0000000000022c3c      0x701 build/cooja/contiki-ng-cooja.a(httpd-simple.o)
                0x0000000000023142                httpd_appcall
                0x0000000000023320                httpd_init
 .text          0x000000000002333d      0x16f build/cooja/contiki-ng-cooja.a(rpl-border-router.o)
                0x000000000002333d                print_local_addresses
                0x0000000000023452                set_prefix_64
                0x0000000000023491                rpl_border_router_init
 .text          0x00000000000234ac      0x11a build/cooja/contiki-ng-cooja.a(stimer.o)
                0x00000000000234ac                stimer_set
                0x00000000000234da                stimer_reset
                0x0000000000023512                stimer_restart
                0x0000000000023530                stimer_expired
                0x0000000000023571                stimer_remaining
                0x00000000000235a3                stimer_elapsed
 .text          0x00000000000235c6      0x189 build/cooja/contiki-ng-cooja.a(ringbuf.o)
                0x00000000000235c6                ringbuf_init
                0x0000000000023603                ringbuf_put
                0x000000000002368e                ringbuf_get
                0x0000000000023708                ringbuf_size
                0x0000000000023720                ringbuf_elements
 .text          0x000000000002374f      0x206 build/cooja/contiki-ng-cooja.a(memb.o)
                0x000000000002374f                memb_init
                0x00000000000237ae                memb_alloc
                0x0000000000023824                memb_free
                0x00000000000238b3                memb_inmemb
                0x0000000000023906                memb_numfree
 .text          0x0000000000023955       0x2d build/cooja/contiki-ng-cooja.a(assert.o)
                0x0000000000023955                _xassert
 .text          0x0000000000023982      0x71f build/cooja/contiki-ng-cooja.a(slip.o)
                0x0000000000023982                slip_set_input_callback
                0x0000000000023998                slip_send
                0x00000000000239bd                slip_write
                0x0000000000023f53                slip_input_byte
 .text          0x00000000000240a1      0xc1c build/cooja/contiki-ng-cooja.a(nbr-table.o)
                0x00000000000244d7                nbr_table_count_entries
                0x0000000000024573                nbr_table_gc_get_worst
                0x00000000000245b3                nbr_table_can_accept_new
                0x000000000002475a                nbr_table_entry_is_allowed
                0x00000000000247fc                nbr_table_register
                0x000000000002488a                nbr_table_is_registered
                0x00000000000248dd                nbr_table_head
                0x0000000000024944                nbr_table_next
                0x00000000000249ba                nbr_table_add_lladdr
                0x0000000000024b13                nbr_table_get_from_lladdr
                0x0000000000024b6b                nbr_table_remove
                0x0000000000024bbb                nbr_table_lock
                0x0000000000024be9                nbr_table_unlock
                0x0000000000024c17                nbr_table_get_lladdr
                0x0000000000024c56                nbr_table_clear
                0x0000000000024c8e                nbr_table_key_head
                0x0000000000024ca3                nbr_table_key_next
 .text          0x0000000000024cbd      0x45c build/cooja/contiki-ng-cooja.a(link-stats.o)
                0x0000000000024cbd                link_stats_from_lladdr
                0x0000000000024ce1                link_stats_get_lladdr
                0x0000000000024d05                link_stats_is_fresh
                0x0000000000024d4f                guess_etx_from_rssi
                0x0000000000024dd1                link_stats_packet_sent
                0x0000000000024f31                link_stats_input_callback
                0x0000000000025087                link_stats_reset
                0x00000000000250de                link_stats_init
 .text          0x0000000000025119      0x1da build/cooja/contiki-ng-cooja.a(mac-sequence.o)
                0x0000000000025119                mac_sequence_is_duplicate
                0x00000000000251fa                mac_sequence_register_seqno
 .text          0x00000000000252f3       0x33 build/cooja/contiki-ng-cooja.a(mac.o)
                0x00000000000252f3                mac_call_sent_callback
 .text          0x0000000000025326      0x442 build/cooja/contiki-ng-cooja.a(framer-802154.o)
                0x00000000000254bd                framer_802154_setup_params
 .text          0x0000000000025768      0xc84 build/cooja/contiki-ng-cooja.a(frame802154.o)
                0x0000000000025796                frame802154_get_pan_id
                0x00000000000257a3                frame802154_set_pan_id
                0x00000000000257bb                frame802154_has_panid
                0x0000000000025996                frame802154_check_dest_panid
                0x0000000000025a31                frame802154_is_broadcast_addr
                0x0000000000025a84                frame802154_extract_linkaddr
                0x0000000000025d1a                frame802154_hdrlen
                0x0000000000025d95                frame802154_create_fcf
                0x0000000000025e63                frame802154_create
                0x0000000000026009                frame802154_parse_fcf
                0x00000000000260fc                frame802154_parse
 .text          0x00000000000263ec     0x16ba build/cooja/contiki-ng-cooja.a(strformat.o)
                0x000000000002675e                format_str
                0x000000000002683b                format_str_v
 .text          0x0000000000027aa6       0x35 build/cooja/contiki-ng-cooja.a(csma-security.o)
                0x0000000000027aa6                csma_security_create_frame
                0x0000000000027ac8                csma_security_parse_frame
 .text          0x0000000000027adb      0x57a build/cooja/contiki-ng-cooja.a(uipbuf.o)
                0x0000000000027adb                uipbuf_clear
                0x0000000000027b09                uipbuf_add_ext_hdr
                0x0000000000027b9d                uipbuf_set_len
                0x0000000000027bcb                uipbuf_set_len_field
                0x0000000000027bfa                uipbuf_get_len_field
                0x0000000000027c21                uipbuf_get_next_header
                0x0000000000027d8d                uipbuf_get_last_header
                0x0000000000027e22                uipbuf_search_header
                0x0000000000027eed                uipbuf_get_attr
                0x0000000000027f1a                uipbuf_set_attr
                0x0000000000027f56                uipbuf_set_default_attr
                0x0000000000027f92                uipbuf_clear_attr
                0x0000000000027fb5                uipbuf_set_attr_flag
                0x0000000000027fd4                uipbuf_clr_attr_flag
                0x0000000000027ff9                uipbuf_is_attr_flag
                0x000000000002801a                uipbuf_init
 .text          0x0000000000028055      0x88f build/cooja/contiki-ng-cooja.a(uip-icmp6.o)
                0x00000000000280ce                uip_icmp6_input
                0x0000000000028128                uip_icmp6_register_input_handler
                0x00000000000282b6                uip_icmp6_error_output
                0x0000000000028619                uip_icmp6_send
                0x000000000002885d                uip_icmp6_echo_reply_callback_add
                0x00000000000288a0                uip_icmp6_echo_reply_callback_rm
                0x00000000000288c5                uip_icmp6_init
 .text          0x00000000000288e4      0x197 build/cooja/contiki-ng-cooja.a(uip-packetqueue.o)
                0x000000000002891c                uip_packetqueue_new
                0x0000000000028932                uip_packetqueue_alloc
                0x00000000000289a8                uip_packetqueue_free
                0x00000000000289f9                uip_packetqueue_buf
                0x0000000000028a21                uip_packetqueue_buflen
                0x0000000000028a4c                uip_packetqueue_set_buflen
 .text          0x0000000000028a7b       0x85 build/cooja/contiki-ng-cooja.a(rpl-nbr-policy.o)
                0x0000000000028abf                rpl_nbr_gc_get_worst
 .text          0x0000000000028b00      0xa97 build/cooja/contiki-ng-cooja.a(rpl-neighbor.o)
                0x0000000000028b8f                rpl_neighbor_snprint
                0x0000000000028ec6                rpl_neighbor_print_list
                0x0000000000028f99                rpl_neighbor_count
                0x000000000002907c                rpl_neighbor_get_from_lladdr
                0x00000000000290a3                rpl_neighbor_is_acceptable_parent
                0x00000000000290eb                rpl_neighbor_get_link_metric
                0x0000000000029133                rpl_neighbor_rank_via_nbr
                0x000000000002917b                rpl_neighbor_get_lladdr
                0x00000000000291a2                rpl_neighbor_get_ipaddr
                0x00000000000291cc                rpl_neighbor_get_link_stats
                0x00000000000291f6                rpl_neighbor_is_fresh
                0x0000000000029220                rpl_neighbor_is_parent
                0x0000000000029255                rpl_neighbor_set_preferred_parent
                0x0000000000029308                rpl_neighbor_remove_all
                0x000000000002936a                rpl_neighbor_get_from_ipaddr
                0x000000000002949b                rpl_neighbor_select_best
                0x0000000000029577                rpl_neighbor_init
 .text          0x0000000000029597     0x1172 build/cooja/contiki-ng-cooja.a(rpl-dag.o)
                0x0000000000029597                rpl_dag_state_to_str
                0x00000000000295e4                rpl_dag_get_root_ipaddr
                0x000000000002962a                rpl_dag_leave
                0x00000000000296ce                rpl_dag_poison_and_leave
                0x00000000000296e8                rpl_dag_periodic
                0x00000000000297a8                rpl_is_addr_in_our_dag
                0x00000000000297fd                rpl_get_default_instance
                0x0000000000029820                rpl_get_any_dag
                0x0000000000029885                rpl_refresh_routes
                0x00000000000298e3                rpl_global_repair
                0x0000000000029997                rpl_local_repair
                0x00000000000299f2                rpl_dag_ready_to_advertise
                0x0000000000029a46                rpl_dag_update_state
                0x000000000002a2e1                rpl_process_dio
                0x000000000002a37c                rpl_process_dis
                0x000000000002a3c9                rpl_process_dao
                0x000000000002a46e                rpl_process_dao_ack
                0x000000000002a517                rpl_process_hbh
                0x000000000002a572                rpl_dag_init_root
                0x000000000002a6e9                rpl_dag_init
 .text          0x000000000002a709      0xc9b build/cooja/contiki-ng-cooja.a(rpl-timers.o)
                0x000000000002a709                rpl_timers_schedule_periodic_dis
                0x000000000002a8d2                rpl_timers_dio_reset
                0x000000000002aa4b                rpl_timers_schedule_unicast_dio
                0x000000000002ac16                rpl_timers_schedule_dao
                0x000000000002ad11                rpl_timers_schedule_dao_ack
                0x000000000002adc5                rpl_timers_notify_dao_ack
                0x000000000002ae2f                get_probing_delay
                0x000000000002ae78                get_probing_target
                0x000000000002b0b8                rpl_schedule_probing
                0x000000000002b0f5                rpl_schedule_probing_now
                0x000000000002b178                rpl_timers_unschedule_leaving
                0x000000000002b1b8                rpl_timers_schedule_leaving
                0x000000000002b209                rpl_timers_init
                0x000000000002b2aa                rpl_timers_stop_dag_timers
                0x000000000002b333                rpl_timers_unschedule_state_update
                0x000000000002b359                rpl_timers_schedule_state_update
 .text          0x000000000002b3a4      0xdd9 build/cooja/contiki-ng-cooja.a(rpl-ext-header.o)
                0x000000000002b3a4                rpl_ext_header_srh_get_next_hop
                0x000000000002b4ae                rpl_ext_header_srh_update
                0x000000000002bb40                rpl_ext_header_hbh_update
                0x000000000002bedb                rpl_ext_header_update
                0x000000000002bf81                rpl_ext_header_remove
 .text          0x000000000002c17d      0x354 build/cooja/contiki-ng-cooja.a(rpl-mrhof.o)
 .text          0x000000000002c4d1      0x1dc build/cooja/contiki-ng-cooja.a(border-router-embedded.o)
 .text          0x000000000002c6ad        0x0 /usr/lib/gcc/x86_64-linux-gnu/7/crtendS.o
 .text          0x000000000002c6ad        0x0 /usr/lib/gcc/x86_64-linux-gnu/7/../../../x86_64-linux-gnu/crtn.o
 *(.gnu.warning)

.fini           0x000000000002c6b0        0x9
 *(SORT_NONE(.fini))
 .fini          0x000000000002c6b0        0x4 /usr/lib/gcc/x86_64-linux-gnu/7/../../../x86_64-linux-gnu/crti.o
                0x000000000002c6b0                _fini
 .fini          0x000000000002c6b4        0x5 /usr/lib/gcc/x86_64-linux-gnu/7/../../../x86_64-linux-gnu/crtn.o
                [!provide]                        PROVIDE (__etext = .)
                [!provide]                        PROVIDE (_etext = .)
                [!provide]                        PROVIDE (etext = .)

.rodata         0x000000000002c6c0      0xb7b
 *(.rodata .rodata.* .gnu.linkonce.r.*)
 .rodata        0x000000000002c6c0       0x59 border-router.o
 .rodata        0x000000000002c719        0x6 build/cooja/contiki-ng-cooja.a(leds-arch.o)
                0x000000000002c719                leds_arch_leds
 .rodata        0x000000000002c71f        0x4 build/cooja/contiki-ng-cooja.a(pir-sensor.o)
 .rodata        0x000000000002c723        0x3 build/cooja/contiki-ng-cooja.a(rs232.o)
 .rodata        0x000000000002c726        0xa build/cooja/contiki-ng-cooja.a(vib-sensor.o)
 .rodata        0x000000000002c730       0x26 build/cooja/contiki-ng-cooja.a(cfs-cooja.o)
 *fill*         0x000000000002c756        0x2 
 .rodata        0x000000000002c758       0x68 build/cooja/contiki-ng-cooja.a(cooja-radio.o)
 .rodata        0x000000000002c7c0        0x8 build/cooja/contiki-ng-cooja.a(sensors.o)
 .rodata        0x000000000002c7c8       0x14 build/cooja/contiki-ng-cooja.a(buttons.o)
                0x000000000002c7d4                button_hal_button_count
 *fill*         0x000000000002c7dc        0x4 
 .rodata        0x000000000002c7e0       0xc3 build/cooja/contiki-ng-cooja.a(webserver.o)
 *fill*         0x000000000002c8a3        0x5 
 .rodata        0x000000000002c8a8       0xfc build/cooja/contiki-ng-cooja.a(contiki-main.o)
 .rodata        0x000000000002c9a4        0xf build/cooja/contiki-ng-cooja.a(ctimer.o)
 *fill*         0x000000000002c9b3        0x1 
 .rodata        0x000000000002c9b4       0xc0 build/cooja/contiki-ng-cooja.a(log.o)
 .rodata        0x000000000002ca74        0xc build/cooja/contiki-ng-cooja.a(etimer.o)
 .rodata        0x000000000002ca80       0x13 build/cooja/contiki-ng-cooja.a(button-hal.o)
 .rodata        0x000000000002ca93        0xe build/cooja/contiki-ng-cooja.a(serial-line.o)
 *fill*         0x000000000002caa1        0x7 
 .rodata        0x000000000002caa8        0x8 build/cooja/contiki-ng-cooja.a(linkaddr.o)
                0x000000000002caa8                linkaddr_null
 .rodata        0x000000000002cab0        0x5 build/cooja/contiki-ng-cooja.a(csma.o)
 *fill*         0x000000000002cab5        0x3 
 .rodata        0x000000000002cab8       0x27 build/cooja/contiki-ng-cooja.a(csma-output.o)
 .rodata        0x000000000002cadf       0x44 build/cooja/contiki-ng-cooja.a(uip-sr.o)
 *fill*         0x000000000002cb23        0x5 
 .rodata        0x000000000002cb28       0x4c build/cooja/contiki-ng-cooja.a(uip-ds6-route.o)
 .rodata        0x000000000002cb74        0xd build/cooja/contiki-ng-cooja.a(tcpip.o)
 *fill*         0x000000000002cb81        0x3 
 .rodata        0x000000000002cb84       0x48 build/cooja/contiki-ng-cooja.a(uip6.o)
 .rodata        0x000000000002cbcc       0x1d build/cooja/contiki-ng-cooja.a(sicslowpan.o)
                0x000000000002cbcc                unc_llconf
                0x000000000002cbd0                unc_ctxconf
                0x000000000002cbd4                unc_mxconf
                0x000000000002cbd8                llprefix
 .rodata        0x000000000002cbe9       0x2d build/cooja/contiki-ng-cooja.a(uiplib.o)
 .rodata        0x000000000002cc16        0x9 build/cooja/contiki-ng-cooja.a(rpl.o)
 .rodata        0x000000000002cc1f       0x11 build/cooja/contiki-ng-cooja.a(slip-bridge.o)
 *fill*         0x000000000002cc30       0x10 
 .rodata        0x000000000002cc40      0x154 build/cooja/contiki-ng-cooja.a(httpd-simple.o)
                0x000000000002cca0                http_content_type_html
                0x000000000002ccc0                http_header_200
                0x000000000002cd20                http_header_404
                0x000000000002cd7d                http_get
                0x000000000002cd88                http_index_html
 .rodata        0x000000000002cd94       0x31 build/cooja/contiki-ng-cooja.a(rpl-border-router.o)
 *fill*         0x000000000002cdc5        0x3 
 .rodata        0x000000000002cdc8       0x25 build/cooja/contiki-ng-cooja.a(assert.o)
 .rodata        0x000000000002cded        0xc build/cooja/contiki-ng-cooja.a(slip.o)
 *fill*         0x000000000002cdf9        0x7 
 .rodata        0x000000000002ce00      0x280 build/cooja/contiki-ng-cooja.a(strformat.o)
 .rodata        0x000000000002d080       0x58 build/cooja/contiki-ng-cooja.a(rpl-neighbor.o)
 .rodata        0x000000000002d0d8       0xd7 build/cooja/contiki-ng-cooja.a(rpl-dag.o)
 .rodata        0x000000000002d1af        0xc build/cooja/contiki-ng-cooja.a(rpl-timers.o)
 .rodata        0x000000000002d1bb       0x80 build/cooja/contiki-ng-cooja.a(border-router-embedded.o)

.rodata1
 *(.rodata1)

.eh_frame_hdr   0x000000000002d23c     0x1824
 *(.eh_frame_hdr)
 .eh_frame_hdr  0x000000000002d23c     0x1824 border-router.o
                0x000000000002d23c                __GNU_EH_FRAME_HDR
 *(.eh_frame_entry .eh_frame_entry.*)

.eh_frame       0x000000000002ea60     0x60f4
 *(.eh_frame)
 .eh_frame      0x000000000002ea60       0x40 /usr/lib/gcc/x86_64-linux-gnu/7/../../../x86_64-linux-gnu/crti.o
 .eh_frame      0x000000000002eaa0       0x18 /usr/lib/gcc/x86_64-linux-gnu/7/../../../x86_64-linux-gnu/crti.o
                                         0x30 (size before relaxing)
 .eh_frame      0x000000000002eab8       0x20 border-router.o
                                         0x38 (size before relaxing)
 .eh_frame      0x000000000002ead8      0x198 build/cooja/mtype248.o
                                        0x1b0 (size before relaxing)
 .eh_frame      0x000000000002ec70       0x40 build/cooja/contiki-ng-cooja.a(simEnvChange.o)
                                         0x58 (size before relaxing)
 .eh_frame      0x000000000002ecb0       0x60 build/cooja/contiki-ng-cooja.a(cooja_mt.o)
                                         0x78 (size before relaxing)
 .eh_frame      0x000000000002ed10       0x80 build/cooja/contiki-ng-cooja.a(cooja_mtarch.o)
                                         0x98 (size before relaxing)
 .eh_frame      0x000000000002ed90       0xc0 build/cooja/contiki-ng-cooja.a(rtimer-arch.o)
                                         0xd8 (size before relaxing)
 .eh_frame      0x000000000002ee50      0x160 build/cooja/contiki-ng-cooja.a(beep.o)
                                        0x178 (size before relaxing)
 .eh_frame      0x000000000002efb0       0x80 build/cooja/contiki-ng-cooja.a(leds-arch.o)
                                         0x98 (size before relaxing)
 .eh_frame      0x000000000002f030       0x40 build/cooja/contiki-ng-cooja.a(moteid.o)
                                         0x58 (size before relaxing)
 .eh_frame      0x000000000002f070       0xa0 build/cooja/contiki-ng-cooja.a(pir-sensor.o)
                                         0xb8 (size before relaxing)
 .eh_frame      0x000000000002f110      0x100 build/cooja/contiki-ng-cooja.a(rs232.o)
                                        0x118 (size before relaxing)
 .eh_frame      0x000000000002f210       0xa0 build/cooja/contiki-ng-cooja.a(vib-sensor.o)
                                         0xb8 (size before relaxing)
 .eh_frame      0x000000000002f2b0       0xc0 build/cooja/contiki-ng-cooja.a(clock.o)
                                         0xd8 (size before relaxing)
 .eh_frame      0x000000000002f370      0x100 build/cooja/contiki-ng-cooja.a(cooja-log.o)
                                        0x118 (size before relaxing)
 .eh_frame      0x000000000002f470      0x160 build/cooja/contiki-ng-cooja.a(cfs-cooja.o)
                                        0x178 (size before relaxing)
 .eh_frame      0x000000000002f5d0      0x360 build/cooja/contiki-ng-cooja.a(cooja-radio.o)
                                        0x378 (size before relaxing)
 .eh_frame      0x000000000002f930       0xa0 build/cooja/contiki-ng-cooja.a(eeprom.o)
                                         0xb8 (size before relaxing)
 .eh_frame      0x000000000002f9d0       0x40 build/cooja/contiki-ng-cooja.a(random.o)
                                         0x58 (size before relaxing)
 .eh_frame      0x000000000002fa10       0xc0 build/cooja/contiki-ng-cooja.a(sensors.o)
                                         0xd8 (size before relaxing)
 .eh_frame      0x000000000002fad0      0x120 build/cooja/contiki-ng-cooja.a(leds.o)
                                        0x138 (size before relaxing)
 .eh_frame      0x000000000002fbf0      0x220 build/cooja/contiki-ng-cooja.a(gpio-hal-arch.o)
                                        0x238 (size before relaxing)
 .eh_frame      0x000000000002fe10       0xa0 build/cooja/contiki-ng-cooja.a(buttons.o)
                                         0xb8 (size before relaxing)
 .eh_frame      0x000000000002feb0       0x80 build/cooja/contiki-ng-cooja.a(webserver.o)
                                         0x98 (size before relaxing)
 .eh_frame      0x000000000002ff30       0x20 build/cooja/contiki-ng-cooja.a(contiki-main.o)
                                         0x38 (size before relaxing)
 .eh_frame      0x000000000002ff50       0x40 build/cooja/contiki-ng-cooja.a(autostart.o)
                                         0x58 (size before relaxing)
 .eh_frame      0x000000000002ff90      0x100 build/cooja/contiki-ng-cooja.a(ctimer.o)
                                        0x118 (size before relaxing)
 .eh_frame      0x0000000000030090      0x120 build/cooja/contiki-ng-cooja.a(log.o)
                                        0x138 (size before relaxing)
 .eh_frame      0x00000000000301b0       0x60 build/cooja/contiki-ng-cooja.a(energest.o)
                                         0x78 (size before relaxing)
 .eh_frame      0x0000000000030210      0x1e0 build/cooja/contiki-ng-cooja.a(etimer.o)
                                        0x1f8 (size before relaxing)
 .eh_frame      0x00000000000303f0       0x20 build/cooja/contiki-ng-cooja.a(node-id.o)
                                         0x38 (size before relaxing)
 .eh_frame      0x0000000000030410       0x60 build/cooja/contiki-ng-cooja.a(rtimer.o)
                                         0x78 (size before relaxing)
 .eh_frame      0x0000000000030470      0x1c8 build/cooja/contiki-ng-cooja.a(process.o)
                                        0x1e0 (size before relaxing)
 .eh_frame      0x0000000000030638       0xa0 build/cooja/contiki-ng-cooja.a(timer.o)
                                         0xb8 (size before relaxing)
 .eh_frame      0x00000000000306d8      0x1a0 build/cooja/contiki-ng-cooja.a(list.o)
                                        0x1b8 (size before relaxing)
 .eh_frame      0x0000000000030878      0x160 build/cooja/contiki-ng-cooja.a(button-hal.o)
                                        0x178 (size before relaxing)
 .eh_frame      0x00000000000309d8       0x60 build/cooja/contiki-ng-cooja.a(serial-line.o)
                                         0x78 (size before relaxing)
 .eh_frame      0x0000000000030a38       0xe0 build/cooja/contiki-ng-cooja.a(gpio-hal.o)
                                         0xf8 (size before relaxing)
 .eh_frame      0x0000000000030b18      0x1a0 build/cooja/contiki-ng-cooja.a(queuebuf.o)
                                        0x1b8 (size before relaxing)
 .eh_frame      0x0000000000030cb8      0x288 build/cooja/contiki-ng-cooja.a(packetbuf.o)
                                        0x2a0 (size before relaxing)
 .eh_frame      0x0000000000030f40       0x80 build/cooja/contiki-ng-cooja.a(netstack.o)
                                         0x98 (size before relaxing)
 .eh_frame      0x0000000000030fc0       0x60 build/cooja/contiki-ng-cooja.a(linkaddr.o)
                                         0x78 (size before relaxing)
 .eh_frame      0x0000000000031020       0x40 build/cooja/contiki-ng-cooja.a(printf.o)
                                         0x58 (size before relaxing)
 .eh_frame      0x0000000000031060       0x60 build/cooja/contiki-ng-cooja.a(snprintf.o)
                                         0x78 (size before relaxing)
 .eh_frame      0x00000000000310c0       0x20 build/cooja/contiki-ng-cooja.a(puts.o)
                                         0x38 (size before relaxing)
 .eh_frame      0x00000000000310e0       0x20 build/cooja/contiki-ng-cooja.a(putchar.o)
                                         0x38 (size before relaxing)
 .eh_frame      0x0000000000031100       0xe0 build/cooja/contiki-ng-cooja.a(csma.o)
                                         0xf8 (size before relaxing)
 .eh_frame      0x00000000000311e0      0x1c8 build/cooja/contiki-ng-cooja.a(csma-output.o)
                                        0x1e0 (size before relaxing)
 .eh_frame      0x00000000000313a8      0x180 build/cooja/contiki-ng-cooja.a(uip-sr.o)
                                        0x198 (size before relaxing)
 .eh_frame      0x0000000000031528      0x328 build/cooja/contiki-ng-cooja.a(uip-ds6.o)
                                        0x340 (size before relaxing)
 .eh_frame      0x0000000000031850      0x240 build/cooja/contiki-ng-cooja.a(uip-ds6-route.o)
                                        0x258 (size before relaxing)
 .eh_frame      0x0000000000031a90      0x160 build/cooja/contiki-ng-cooja.a(psock.o)
                                        0x178 (size before relaxing)
 .eh_frame      0x0000000000031bf0      0x308 build/cooja/contiki-ng-cooja.a(tcpip.o)
                                        0x320 (size before relaxing)
 .eh_frame      0x0000000000031ef8      0x2b0 build/cooja/contiki-ng-cooja.a(uip6.o)
                                        0x2c8 (size before relaxing)
 .eh_frame      0x00000000000321a8      0x1c0 build/cooja/contiki-ng-cooja.a(uip-ds6-nbr.o)
                                        0x1d8 (size before relaxing)
 .eh_frame      0x0000000000032368       0x80 build/cooja/contiki-ng-cooja.a(uip-nd6.o)
                                         0x98 (size before relaxing)
 .eh_frame      0x00000000000323e8      0x2e0 build/cooja/contiki-ng-cooja.a(sicslowpan.o)
                                        0x2f8 (size before relaxing)
 .eh_frame      0x00000000000326c8       0x80 build/cooja/contiki-ng-cooja.a(uiplib.o)
                                         0x98 (size before relaxing)
 .eh_frame      0x0000000000032748      0x1e0 build/cooja/contiki-ng-cooja.a(rpl.o)
                                        0x1f8 (size before relaxing)
 .eh_frame      0x0000000000032928      0x1c0 build/cooja/contiki-ng-cooja.a(rpl-icmp6.o)
                                        0x1d8 (size before relaxing)
 .eh_frame      0x0000000000032ae8       0xa0 build/cooja/contiki-ng-cooja.a(rpl-dag-root.o)
                                         0xb8 (size before relaxing)
 .eh_frame      0x0000000000032b88       0x80 build/cooja/contiki-ng-cooja.a(slip-bridge.o)
                                         0x98 (size before relaxing)
 .eh_frame      0x0000000000032c08       0xa0 build/cooja/contiki-ng-cooja.a(watchdog.o)
                                         0xb8 (size before relaxing)
 .eh_frame      0x0000000000032ca8       0x80 build/cooja/contiki-ng-cooja.a(int-master.o)
                                         0x98 (size before relaxing)
 .eh_frame      0x0000000000032d28       0x20 build/cooja/contiki-ng-cooja.a(slip-arch.o)
                                         0x38 (size before relaxing)
 .eh_frame      0x0000000000032d48       0xe0 build/cooja/contiki-ng-cooja.a(httpd-simple.o)
                                         0xf8 (size before relaxing)
 .eh_frame      0x0000000000032e28       0x60 build/cooja/contiki-ng-cooja.a(rpl-border-router.o)
                                         0x78 (size before relaxing)
 .eh_frame      0x0000000000032e88       0xc0 build/cooja/contiki-ng-cooja.a(stimer.o)
                                         0xd8 (size before relaxing)
 .eh_frame      0x0000000000032f48       0xa0 build/cooja/contiki-ng-cooja.a(ringbuf.o)
                                         0xb8 (size before relaxing)
 .eh_frame      0x0000000000032fe8       0xa0 build/cooja/contiki-ng-cooja.a(memb.o)
                                         0xb8 (size before relaxing)
 .eh_frame      0x0000000000033088       0x20 build/cooja/contiki-ng-cooja.a(assert.o)
                                         0x38 (size before relaxing)
 .eh_frame      0x00000000000330a8       0xe0 build/cooja/contiki-ng-cooja.a(slip.o)
                                         0xf8 (size before relaxing)
 .eh_frame      0x0000000000033188      0x3e0 build/cooja/contiki-ng-cooja.a(nbr-table.o)
                                        0x3f8 (size before relaxing)
 .eh_frame      0x0000000000033568      0x120 build/cooja/contiki-ng-cooja.a(link-stats.o)
                                        0x138 (size before relaxing)
 .eh_frame      0x0000000000033688       0x48 build/cooja/contiki-ng-cooja.a(mac-sequence.o)
                                         0x60 (size before relaxing)
 .eh_frame      0x00000000000336d0       0x20 build/cooja/contiki-ng-cooja.a(mac.o)
                                         0x38 (size before relaxing)
 .eh_frame      0x00000000000336f0       0xa8 build/cooja/contiki-ng-cooja.a(framer-802154.o)
                                         0xc0 (size before relaxing)
 .eh_frame      0x0000000000033798      0x1a8 build/cooja/contiki-ng-cooja.a(frame802154.o)
                                        0x1c0 (size before relaxing)
 .eh_frame      0x0000000000033940      0x120 build/cooja/contiki-ng-cooja.a(strformat.o)
                                        0x138 (size before relaxing)
 .eh_frame      0x0000000000033a60       0x40 build/cooja/contiki-ng-cooja.a(csma-security.o)
                                         0x58 (size before relaxing)
 .eh_frame      0x0000000000033aa0      0x200 build/cooja/contiki-ng-cooja.a(uipbuf.o)
                                        0x218 (size before relaxing)
 .eh_frame      0x0000000000033ca0      0x148 build/cooja/contiki-ng-cooja.a(uip-icmp6.o)
                                        0x160 (size before relaxing)
 .eh_frame      0x0000000000033de8       0xe0 build/cooja/contiki-ng-cooja.a(uip-packetqueue.o)
                                         0xf8 (size before relaxing)
 .eh_frame      0x0000000000033ec8       0x40 build/cooja/contiki-ng-cooja.a(rpl-nbr-policy.o)
                                         0x58 (size before relaxing)
 .eh_frame      0x0000000000033f08      0x2b0 build/cooja/contiki-ng-cooja.a(rpl-neighbor.o)
                                        0x2c8 (size before relaxing)
 .eh_frame      0x00000000000341b8      0x360 build/cooja/contiki-ng-cooja.a(rpl-dag.o)
                                        0x378 (size before relaxing)
 .eh_frame      0x0000000000034518      0x3a8 build/cooja/contiki-ng-cooja.a(rpl-timers.o)
                                        0x3c0 (size before relaxing)
 .eh_frame      0x00000000000348c0      0x128 build/cooja/contiki-ng-cooja.a(rpl-ext-header.o)
                                        0x140 (size before relaxing)
 .eh_frame      0x00000000000349e8      0x148 build/cooja/contiki-ng-cooja.a(rpl-mrhof.o)
                                        0x160 (size before relaxing)
 .eh_frame      0x0000000000034b30       0x20 build/cooja/contiki-ng-cooja.a(border-router-embedded.o)
                                         0x38 (size before relaxing)
 .eh_frame      0x0000000000034b50        0x4 /usr/lib/gcc/x86_64-linux-gnu/7/crtendS.o
 *(.eh_frame.*)

.gcc_except_table
 *(.gcc_except_table .gcc_except_table.*)

.gnu_extab
 *(.gnu_extab*)

.exception_ranges
 *(.exception_ranges .exception_ranges*)
                0x00000000002356b0                . = DATA_SEGMENT_ALIGN (CONSTANT (MAXPAGESIZE), CONSTANT (COMMONPAGESIZE))

.eh_frame
 *(.eh_frame)
 *(.eh_frame.*)

.gnu_extab
 *(.gnu_extab)

.gcc_except_table
 *(.gcc_except_table .gcc_except_table.*)

.exception_ranges
 *(.exception_ranges .exception_ranges*)

.tdata
 *(.tdata .tdata.* .gnu.linkonce.td.*)

.tbss
 *(.tbss .tbss.* .gnu.linkonce.tb.*)
 *(.tcommon)

.preinit_array
 *(.preinit_array)

.init_array     0x00000000002356b0        0x8
 *(SORT_BY_INIT_PRIORITY(.init_array.*) SORT_BY_INIT_PRIORITY(.ctors.*))
 *(.init_array EXCLUDE_FILE(*crtend?.o *crtend.o *crtbegin?.o *crtbegin.o) .ctors)
 .init_array    0x00000000002356b0        0x8 /usr/lib/gcc/x86_64-linux-gnu/7/crtbeginS.o

.fini_array     0x00000000002356b8        0x8
 *(SORT_BY_INIT_PRIORITY(.fini_array.*) SORT_BY_INIT_PRIORITY(.dtors.*))
 *(.fini_array EXCLUDE_FILE(*crtend?.o *crtend.o *crtbegin?.o *crtbegin.o) .dtors)
 .fini_array    0x00000000002356b8        0x8 /usr/lib/gcc/x86_64-linux-gnu/7/crtbeginS.o

.ctors
 *crtbegin.o(.ctors)
 *crtbegin?.o(.ctors)
 *(EXCLUDE_FILE(*crtend?.o *crtend.o) .ctors)
 *(SORT_BY_NAME(.ctors.*))
 *(.ctors)

.dtors
 *crtbegin.o(.dtors)
 *crtbegin?.o(.dtors)
 *(EXCLUDE_FILE(*crtend?.o *crtend.o) .dtors)
 *(SORT_BY_NAME(.dtors.*))
 *(.dtors)

.jcr
 *(.jcr)

.data.rel.ro    0x00000000002356c0      0x350
 *(.data.rel.ro.local* .gnu.linkonce.d.rel.ro.local.*)
 .data.rel.ro.local
                0x00000000002356c0       0x10 build/cooja/contiki-ng-cooja.a(beep.o)
                0x00000000002356c0                beep_interface
 .data.rel.ro.local
                0x00000000002356d0       0x10 build/cooja/contiki-ng-cooja.a(leds-arch.o)
                0x00000000002356d0                leds_interface
 .data.rel.ro.local
                0x00000000002356e0       0x10 build/cooja/contiki-ng-cooja.a(moteid.o)
                0x00000000002356e0                moteid_interface
 *fill*         0x00000000002356f0       0x10 
 .data.rel.ro.local
                0x0000000000235700       0x40 build/cooja/contiki-ng-cooja.a(pir-sensor.o)
                0x0000000000235700                pir_interface
                0x0000000000235720                pir_sensor
 .data.rel.ro.local
                0x0000000000235740       0x10 build/cooja/contiki-ng-cooja.a(rs232.o)
                0x0000000000235740                rs232_interface
 *fill*         0x0000000000235750       0x10 
 .data.rel.ro.local
                0x0000000000235760       0x40 build/cooja/contiki-ng-cooja.a(vib-sensor.o)
                0x0000000000235760                vib_interface
                0x0000000000235780                vib_sensor
 .data.rel.ro.local
                0x00000000002357a0       0x10 build/cooja/contiki-ng-cooja.a(clock.o)
                0x00000000002357a0                clock_interface
 .data.rel.ro.local
                0x00000000002357b0       0x10 build/cooja/contiki-ng-cooja.a(cooja-log.o)
                0x00000000002357b0                simlog_interface
 .data.rel.ro.local
                0x00000000002357c0       0x10 build/cooja/contiki-ng-cooja.a(cfs-cooja.o)
                0x00000000002357c0                cfs_interface
 *fill*         0x00000000002357d0       0x10 
 .data.rel.ro.local
                0x00000000002357e0       0x90 build/cooja/contiki-ng-cooja.a(cooja-radio.o)
                0x00000000002357e0                radio_interface
                0x0000000000235800                cooja_radio_driver
 .data.rel.ro.local
                0x0000000000235870       0x10 build/cooja/contiki-ng-cooja.a(eeprom.o)
                0x0000000000235870                eeprom_interface
 .data.rel.ro.local
                0x0000000000235880       0x40 build/cooja/contiki-ng-cooja.a(buttons.o)
                0x0000000000235880                button_interface
                0x00000000002358a0                button_sensor
 .data.rel.ro.local
                0x00000000002358c0       0x38 build/cooja/contiki-ng-cooja.a(csma.o)
                0x00000000002358c0                csma_driver
 *fill*         0x00000000002358f8        0x8 
 .data.rel.ro.local
                0x0000000000235900       0x10 build/cooja/contiki-ng-cooja.a(slip-bridge.o)
                0x0000000000235900                rpl_interface
 .data.rel.ro.local
                0x0000000000235910       0x18 build/cooja/contiki-ng-cooja.a(framer-802154.o)
                0x0000000000235910                framer_802154
 *(.data.rel.ro .data.rel.ro.* .gnu.linkonce.d.rel.ro.*)
 .data.rel.ro   0x0000000000235928        0x0 /usr/lib/gcc/x86_64-linux-gnu/7/../../../x86_64-linux-gnu/crti.o
 *fill*         0x0000000000235928        0x8 
 .data.rel.ro   0x0000000000235930       0x10 border-router.o
                0x0000000000235930                autostart_processes
 .data.rel.ro   0x0000000000235940       0x20 build/cooja/contiki-ng-cooja.a(sicslowpan.o)
                0x0000000000235940                sicslowpan_driver
 .data.rel.ro   0x0000000000235960       0xa8 build/cooja/contiki-ng-cooja.a(rpl.o)
                0x0000000000235960                rpl_lite_driver
 .data.rel.ro   0x0000000000235a08        0x8 build/cooja/contiki-ng-cooja.a(rpl-dag.o)

.dynamic        0x0000000000235a10      0x1c0
 *(.dynamic)
 .dynamic       0x0000000000235a10      0x1c0 /usr/lib/gcc/x86_64-linux-gnu/7/../../../x86_64-linux-gnu/crti.o
                0x0000000000235a10                _DYNAMIC

.got            0x0000000000235bd0      0x420
 *(.got)
 .got           0x0000000000235bd0      0x420 /usr/lib/gcc/x86_64-linux-gnu/7/../../../x86_64-linux-gnu/crti.o
 *(.igot)
                0x0000000000236fe8                . = DATA_SEGMENT_RELRO_END (., (SIZEOF (.got.plt) >= 0x18)?0x18:0x0)

.got.plt        0x0000000000236000      0xbb0
 *(.got.plt)
 .got.plt       0x0000000000236000      0xbb0 /usr/lib/gcc/x86_64-linux-gnu/7/../../../x86_64-linux-gnu/crti.o
                0x0000000000236000                _GLOBAL_OFFSET_TABLE_
 *(.igot.plt)

.data           0x0000000000236bc0      0x820
 *(.data .data.* .gnu.linkonce.d.*)
 .data          0x0000000000236bc0        0x0 /usr/lib/gcc/x86_64-linux-gnu/7/../../../x86_64-linux-gnu/crti.o
 .data          0x0000000000236bc0        0x0 /usr/lib/gcc/x86_64-linux-gnu/7/crtbeginS.o
 .data.rel.local
                0x0000000000236bc0        0x8 /usr/lib/gcc/x86_64-linux-gnu/7/crtbeginS.o
                0x0000000000236bc0                __dso_handle
 .data          0x0000000000236bc8        0x0 border-router.o
 *fill*         0x0000000000236bc8       0x18 
 .data.rel.local
                0x0000000000236be0       0x20 border-router.o
                0x0000000000236be0                contiki_ng_br
 .data          0x0000000000236c00        0x0 build/cooja/mtype248.o
 .data.rel      0x0000000000236c00       0xa0 build/cooja/mtype248.o
                0x0000000000236c00                simInterfaces
                0x0000000000236c80                sensors
 .data          0x0000000000236ca0        0x0 build/cooja/contiki-ng-cooja.a(simEnvChange.o)
 .data          0x0000000000236ca0        0x0 build/cooja/contiki-ng-cooja.a(cooja_mt.o)
 .data          0x0000000000236ca0        0x0 build/cooja/contiki-ng-cooja.a(cooja_mtarch.o)
 .data          0x0000000000236ca0        0x0 build/cooja/contiki-ng-cooja.a(rtimer-arch.o)
 .data          0x0000000000236ca0        0x0 build/cooja/contiki-ng-cooja.a(beep.o)
 .data          0x0000000000236ca0        0x0 build/cooja/contiki-ng-cooja.a(leds-arch.o)
 .data          0x0000000000236ca0        0x0 build/cooja/contiki-ng-cooja.a(moteid.o)
 .data          0x0000000000236ca0        0x0 build/cooja/contiki-ng-cooja.a(pir-sensor.o)
 .data          0x0000000000236ca0        0x0 build/cooja/contiki-ng-cooja.a(rs232.o)
 .data          0x0000000000236ca0        0x0 build/cooja/contiki-ng-cooja.a(vib-sensor.o)
 .data          0x0000000000236ca0        0x0 build/cooja/contiki-ng-cooja.a(clock.o)
 .data          0x0000000000236ca0        0x0 build/cooja/contiki-ng-cooja.a(cooja-log.o)
 .data          0x0000000000236ca0        0x0 build/cooja/contiki-ng-cooja.a(cfs-cooja.o)
 .data          0x0000000000236ca0       0x20 build/cooja/contiki-ng-cooja.a(cooja-radio.o)
                0x0000000000236ca0                simRadioHWOn
                0x0000000000236ca4                simSignalStrength
                0x0000000000236ca8                simLastSignalStrength
                0x0000000000236cac                simPower
                0x0000000000236cb0                simRadioChannel
                0x0000000000236cb4                simLQI
                0x0000000000236cb8                simLastLQI
 .data.rel.local
                0x0000000000236cc0       0x20 build/cooja/contiki-ng-cooja.a(cooja-radio.o)
                0x0000000000236cc0                cooja_radio_process
 .data          0x0000000000236ce0        0x0 build/cooja/contiki-ng-cooja.a(eeprom.o)
 .data          0x0000000000236ce0        0x0 build/cooja/contiki-ng-cooja.a(random.o)
 .data          0x0000000000236ce0        0x0 build/cooja/contiki-ng-cooja.a(sensors.o)
 .data.rel.local
                0x0000000000236ce0       0x20 build/cooja/contiki-ng-cooja.a(sensors.o)
                0x0000000000236ce0                sensors_process
 .data          0x0000000000236d00        0x0 build/cooja/contiki-ng-cooja.a(leds.o)
 .data          0x0000000000236d00        0x0 build/cooja/contiki-ng-cooja.a(gpio-hal-arch.o)
 .data          0x0000000000236d00        0x1 build/cooja/contiki-ng-cooja.a(buttons.o)
                0x0000000000236d00                simButtonIsActive
 *fill*         0x0000000000236d01       0x1f 
 .data.rel.local
                0x0000000000236d20       0xb0 build/cooja/contiki-ng-cooja.a(buttons.o)
                0x0000000000236dc0                button_hal_buttons
 .data          0x0000000000236dd0        0x0 build/cooja/contiki-ng-cooja.a(webserver.o)
 *fill*         0x0000000000236dd0       0x10 
 .data.rel.local
                0x0000000000236de0       0x40 build/cooja/contiki-ng-cooja.a(webserver.o)
                0x0000000000236e00                webserver_nogui_process
 .data          0x0000000000236e20        0x0 build/cooja/contiki-ng-cooja.a(contiki-main.o)
 .data          0x0000000000236e20        0x0 build/cooja/contiki-ng-cooja.a(autostart.o)
 .data          0x0000000000236e20        0x0 build/cooja/contiki-ng-cooja.a(ctimer.o)
 .data.rel.local
                0x0000000000236e20       0x40 build/cooja/contiki-ng-cooja.a(ctimer.o)
                0x0000000000236e40                ctimer_process
 .data          0x0000000000236e60        0x4 build/cooja/contiki-ng-cooja.a(log.o)
                0x0000000000236e60                curr_log_level_main
 *fill*         0x0000000000236e64       0x1c 
 .data.rel      0x0000000000236e80      0x138 build/cooja/contiki-ng-cooja.a(log.o)
                0x0000000000236e80                all_modules
 .data          0x0000000000236fb8        0x0 build/cooja/contiki-ng-cooja.a(energest.o)
 .data          0x0000000000236fb8        0x0 build/cooja/contiki-ng-cooja.a(etimer.o)
 *fill*         0x0000000000236fb8        0x8 
 .data.rel.local
                0x0000000000236fc0       0x20 build/cooja/contiki-ng-cooja.a(etimer.o)
                0x0000000000236fc0                etimer_process
 .data          0x0000000000236fe0        0x0 build/cooja/contiki-ng-cooja.a(node-id.o)
 .data          0x0000000000236fe0        0x0 build/cooja/contiki-ng-cooja.a(rtimer.o)
 .data          0x0000000000236fe0        0x0 build/cooja/contiki-ng-cooja.a(process.o)
 .data          0x0000000000236fe0        0x0 build/cooja/contiki-ng-cooja.a(timer.o)
 .data          0x0000000000236fe0        0x0 build/cooja/contiki-ng-cooja.a(list.o)
 .data          0x0000000000236fe0        0x0 build/cooja/contiki-ng-cooja.a(button-hal.o)
 .data.rel.local
                0x0000000000236fe0       0x20 build/cooja/contiki-ng-cooja.a(button-hal.o)
                0x0000000000236fe0                button_hal_process
 .data          0x0000000000237000        0x0 build/cooja/contiki-ng-cooja.a(serial-line.o)
 .data.rel.local
                0x0000000000237000       0x20 build/cooja/contiki-ng-cooja.a(serial-line.o)
                0x0000000000237000                serial_line_process
 .data          0x0000000000237020        0x0 build/cooja/contiki-ng-cooja.a(gpio-hal.o)
 .data.rel.local
                0x0000000000237020        0x8 build/cooja/contiki-ng-cooja.a(gpio-hal.o)
 .data          0x0000000000237028        0x0 build/cooja/contiki-ng-cooja.a(queuebuf.o)
 *fill*         0x0000000000237028        0x8 
 .data.rel.local
                0x0000000000237030       0x38 build/cooja/contiki-ng-cooja.a(queuebuf.o)
 .data          0x0000000000237068        0x0 build/cooja/contiki-ng-cooja.a(packetbuf.o)
 .data.rel.local
                0x0000000000237068        0x8 build/cooja/contiki-ng-cooja.a(packetbuf.o)
 .data          0x0000000000237070        0x0 build/cooja/contiki-ng-cooja.a(netstack.o)
 .data.rel.local
                0x0000000000237070        0x8 build/cooja/contiki-ng-cooja.a(netstack.o)
 .data          0x0000000000237078        0x0 build/cooja/contiki-ng-cooja.a(linkaddr.o)
 .data          0x0000000000237078        0x0 build/cooja/contiki-ng-cooja.a(printf.o)
 *fill*         0x0000000000237078        0x8 
 .data.rel.local
                0x0000000000237080       0x10 build/cooja/contiki-ng-cooja.a(printf.o)
 .data          0x0000000000237090        0x0 build/cooja/contiki-ng-cooja.a(snprintf.o)
 .data          0x0000000000237090        0x0 build/cooja/contiki-ng-cooja.a(puts.o)
 .data          0x0000000000237090        0x0 build/cooja/contiki-ng-cooja.a(putchar.o)
 .data          0x0000000000237090        0x0 build/cooja/contiki-ng-cooja.a(csma.o)
 .data          0x0000000000237090        0x0 build/cooja/contiki-ng-cooja.a(csma-output.o)
 .data.rel.local
                0x0000000000237090       0x60 build/cooja/contiki-ng-cooja.a(csma-output.o)
 .data          0x00000000002370f0        0x0 build/cooja/contiki-ng-cooja.a(uip-sr.o)
 .data.rel.local
                0x00000000002370f0       0x28 build/cooja/contiki-ng-cooja.a(uip-sr.o)
 .data          0x0000000000237118        0x0 build/cooja/contiki-ng-cooja.a(uip-ds6.o)
 .data          0x0000000000237118        0x0 build/cooja/contiki-ng-cooja.a(uip-ds6-route.o)
 *fill*         0x0000000000237118        0x8 
 .data.rel.local
                0x0000000000237120       0x28 build/cooja/contiki-ng-cooja.a(uip-ds6-route.o)
 .data          0x0000000000237148        0x0 build/cooja/contiki-ng-cooja.a(psock.o)
 .data          0x0000000000237148        0x0 build/cooja/contiki-ng-cooja.a(tcpip.o)
 *fill*         0x0000000000237148       0x18 
 .data.rel.local
                0x0000000000237160       0x20 build/cooja/contiki-ng-cooja.a(tcpip.o)
                0x0000000000237160                tcpip_process
 .data          0x0000000000237180        0x0 build/cooja/contiki-ng-cooja.a(uip6.o)
 .data          0x0000000000237180        0x0 build/cooja/contiki-ng-cooja.a(uip-ds6-nbr.o)
 .data.rel.local
                0x0000000000237180       0x20 build/cooja/contiki-ng-cooja.a(uip-ds6-nbr.o)
 .data          0x00000000002371a0        0x0 build/cooja/contiki-ng-cooja.a(uip-nd6.o)
 .data.rel.local
                0x00000000002371a0       0x18 build/cooja/contiki-ng-cooja.a(uip-nd6.o)
 .data          0x00000000002371b8        0x0 build/cooja/contiki-ng-cooja.a(sicslowpan.o)
 .data          0x00000000002371b8        0x0 build/cooja/contiki-ng-cooja.a(uiplib.o)
 .data          0x00000000002371b8        0x0 build/cooja/contiki-ng-cooja.a(rpl.o)
 .data          0x00000000002371b8        0x0 build/cooja/contiki-ng-cooja.a(rpl-icmp6.o)
 *fill*         0x00000000002371b8        0x8 
 .data.rel.local
                0x00000000002371c0       0x78 build/cooja/contiki-ng-cooja.a(rpl-icmp6.o)
 .data          0x0000000000237238        0x0 build/cooja/contiki-ng-cooja.a(rpl-dag-root.o)
 .data          0x0000000000237238        0x0 build/cooja/contiki-ng-cooja.a(slip-bridge.o)
 .data          0x0000000000237238        0x0 build/cooja/contiki-ng-cooja.a(watchdog.o)
 .data          0x0000000000237238        0x0 build/cooja/contiki-ng-cooja.a(int-master.o)
 .data          0x0000000000237238        0x0 build/cooja/contiki-ng-cooja.a(slip-arch.o)
 .data          0x0000000000237238        0x0 build/cooja/contiki-ng-cooja.a(httpd-simple.o)
 *fill*         0x0000000000237238        0x8 
 .data.rel.local
                0x0000000000237240       0x20 build/cooja/contiki-ng-cooja.a(httpd-simple.o)
 .data          0x0000000000237260        0x0 build/cooja/contiki-ng-cooja.a(rpl-border-router.o)
 .data          0x0000000000237260        0x0 build/cooja/contiki-ng-cooja.a(stimer.o)
 .data          0x0000000000237260        0x0 build/cooja/contiki-ng-cooja.a(ringbuf.o)
 .data          0x0000000000237260        0x0 build/cooja/contiki-ng-cooja.a(memb.o)
 .data          0x0000000000237260        0x0 build/cooja/contiki-ng-cooja.a(assert.o)
 .data          0x0000000000237260        0x0 build/cooja/contiki-ng-cooja.a(slip.o)
 .data.rel.local
                0x0000000000237260       0x20 build/cooja/contiki-ng-cooja.a(slip.o)
                0x0000000000237260                slip_process
 .data          0x0000000000237280        0x0 build/cooja/contiki-ng-cooja.a(nbr-table.o)
 .data.rel.local
                0x0000000000237280       0x20 build/cooja/contiki-ng-cooja.a(nbr-table.o)
 .data          0x00000000002372a0        0x0 build/cooja/contiki-ng-cooja.a(link-stats.o)
 .data.rel.local
                0x00000000002372a0       0x20 build/cooja/contiki-ng-cooja.a(link-stats.o)
 .data          0x00000000002372c0        0x0 build/cooja/contiki-ng-cooja.a(mac-sequence.o)
 .data          0x00000000002372c0        0x0 build/cooja/contiki-ng-cooja.a(mac.o)
 .data          0x00000000002372c0        0x0 build/cooja/contiki-ng-cooja.a(framer-802154.o)
 .data          0x00000000002372c0        0x2 build/cooja/contiki-ng-cooja.a(frame802154.o)
 .data          0x00000000002372c2        0x0 build/cooja/contiki-ng-cooja.a(strformat.o)
 .data          0x00000000002372c2        0x0 build/cooja/contiki-ng-cooja.a(csma-security.o)
 .data          0x00000000002372c2        0x0 build/cooja/contiki-ng-cooja.a(uipbuf.o)
 .data          0x00000000002372c2        0x0 build/cooja/contiki-ng-cooja.a(uip-icmp6.o)
 *fill*         0x00000000002372c2        0xe 
 .data.rel.local
                0x00000000002372d0       0x48 build/cooja/contiki-ng-cooja.a(uip-icmp6.o)
 .data          0x0000000000237318        0x0 build/cooja/contiki-ng-cooja.a(uip-packetqueue.o)
 *fill*         0x0000000000237318        0x8 
 .data.rel.local
                0x0000000000237320       0x18 build/cooja/contiki-ng-cooja.a(uip-packetqueue.o)
 .data          0x0000000000237338        0x0 build/cooja/contiki-ng-cooja.a(rpl-nbr-policy.o)
 .data          0x0000000000237338        0x0 build/cooja/contiki-ng-cooja.a(rpl-neighbor.o)
 *fill*         0x0000000000237338        0x8 
 .data.rel.local
                0x0000000000237340       0x20 build/cooja/contiki-ng-cooja.a(rpl-neighbor.o)
                0x0000000000237358                rpl_neighbors
 .data          0x0000000000237360        0x0 build/cooja/contiki-ng-cooja.a(rpl-dag.o)
 .data          0x0000000000237360        0x0 build/cooja/contiki-ng-cooja.a(rpl-timers.o)
 .data          0x0000000000237360        0x0 build/cooja/contiki-ng-cooja.a(rpl-ext-header.o)
 .data          0x0000000000237360        0x0 build/cooja/contiki-ng-cooja.a(rpl-mrhof.o)
 .data.rel.local
                0x0000000000237360       0x48 build/cooja/contiki-ng-cooja.a(rpl-mrhof.o)
                0x0000000000237360                rpl_mrhof
 .data          0x00000000002373a8        0x0 build/cooja/contiki-ng-cooja.a(border-router-embedded.o)
 *fill*         0x00000000002373a8       0x18 
 .data.rel.local
                0x00000000002373c0       0x20 build/cooja/contiki-ng-cooja.a(border-router-embedded.o)
                0x00000000002373c0                border_router_process
 .data          0x00000000002373e0        0x0 /usr/lib/gcc/x86_64-linux-gnu/7/crtendS.o
 .data          0x00000000002373e0        0x0 /usr/lib/gcc/x86_64-linux-gnu/7/../../../x86_64-linux-gnu/crtn.o

.tm_clone_table
                0x00000000002373e0        0x0
 .tm_clone_table
                0x00000000002373e0        0x0 /usr/lib/gcc/x86_64-linux-gnu/7/crtbeginS.o
 .tm_clone_table
                0x00000000002373e0        0x0 /usr/lib/gcc/x86_64-linux-gnu/7/crtendS.o

.data1
 *(.data1)
                0x00000000002373e0                _edata = .
                [!provide]                        PROVIDE (edata = .)
                0x00000000002373e0                . = .
                0x00000000002373e0                __bss_start = .

.bss            0x00000000002373e0    0x17f00
 *(.dynbss)
 .dynbss        0x00000000002373e0        0x0 /usr/lib/gcc/x86_64-linux-gnu/7/../../../x86_64-linux-gnu/crti.o
 *(.bss .bss.* .gnu.linkonce.b.*)
 .bss           0x00000000002373e0        0x0 /usr/lib/gcc/x86_64-linux-gnu/7/../../../x86_64-linux-gnu/crti.o
 .bss           0x00000000002373e0        0x1 /usr/lib/gcc/x86_64-linux-gnu/7/crtbeginS.o
 .bss           0x00000000002373e1        0x0 border-router.o
 *fill*         0x00000000002373e1       0x1f 
 .bss           0x0000000000237400     0x4040 build/cooja/mtype248.o
 .bss           0x000000000023b440        0x1 build/cooja/contiki-ng-cooja.a(simEnvChange.o)
                0x000000000023b440                simDontFallAsleep
 *fill*         0x000000000023b441        0x7 
 .bss           0x000000000023b448        0x8 build/cooja/contiki-ng-cooja.a(cooja_mt.o)
 .bss           0x000000000023b450        0x8 build/cooja/contiki-ng-cooja.a(cooja_mtarch.o)
 .bss           0x000000000023b458        0x0 build/cooja/contiki-ng-cooja.a(rtimer-arch.o)
 .bss           0x000000000023b458        0x0 build/cooja/contiki-ng-cooja.a(beep.o)
 .bss           0x000000000023b458        0x1 build/cooja/contiki-ng-cooja.a(leds-arch.o)
                0x000000000023b458                simLedsValue
 .bss           0x000000000023b459        0x0 build/cooja/contiki-ng-cooja.a(moteid.o)
 .bss           0x000000000023b459        0x1 build/cooja/contiki-ng-cooja.a(pir-sensor.o)
                0x000000000023b459                simPirValue
 *fill*         0x000000000023b45a        0x6 
 .bss           0x000000000023b460        0x8 build/cooja/contiki-ng-cooja.a(rs232.o)
 .bss           0x000000000023b468        0x1 build/cooja/contiki-ng-cooja.a(vib-sensor.o)
                0x000000000023b468                simVibValue
 .bss           0x000000000023b469        0x0 build/cooja/contiki-ng-cooja.a(clock.o)
 *fill*         0x000000000023b469        0x3 
 .bss           0x000000000023b46c        0x5 build/cooja/contiki-ng-cooja.a(cooja-log.o)
 *fill*         0x000000000023b471        0xf 
 .bss           0x000000000023b480      0xfc0 build/cooja/contiki-ng-cooja.a(cfs-cooja.o)
                0x000000000023b480                simCFSData
                0x000000000023c420                simCFSSize
                0x000000000023c424                simCFSChanged
                0x000000000023c428                simCFSRead
                0x000000000023c42c                simCFSWritten
 .bss           0x000000000023c440       0x2c build/cooja/contiki-ng-cooja.a(cooja-radio.o)
                0x000000000023c440                simReceiving
                0x000000000023c444                simInSize
                0x000000000023c448                simLastPacketTimestamp
                0x000000000023c450                simOutSize
 .bss           0x000000000023c46c        0xc build/cooja/contiki-ng-cooja.a(eeprom.o)
                0x000000000023c46c                simEEPROMChanged
                0x000000000023c470                simEEPROMRead
                0x000000000023c474                simEEPROMWritten
 .bss           0x000000000023c478        0x0 build/cooja/contiki-ng-cooja.a(random.o)
 .bss           0x000000000023c478        0xc build/cooja/contiki-ng-cooja.a(sensors.o)
 .bss           0x000000000023c484        0x0 build/cooja/contiki-ng-cooja.a(leds.o)
 *fill*         0x000000000023c484       0x1c 
 .bss           0x000000000023c4a0       0x40 build/cooja/contiki-ng-cooja.a(gpio-hal-arch.o)
 .bss           0x000000000023c4e0        0x0 build/cooja/contiki-ng-cooja.a(buttons.o)
 .bss           0x000000000023c4e0      0x118 build/cooja/contiki-ng-cooja.a(webserver.o)
 .bss           0x000000000023c5f8        0x0 build/cooja/contiki-ng-cooja.a(contiki-main.o)
 .bss           0x000000000023c5f8        0x0 build/cooja/contiki-ng-cooja.a(autostart.o)
 .bss           0x000000000023c5f8        0x9 build/cooja/contiki-ng-cooja.a(ctimer.o)
 *fill*         0x000000000023c601        0x3 